build-test-deploy	Set up job	ï»¿2025-12-17T11:30:36.5310797Z Current runner version: '2.330.0'
build-test-deploy	Set up job	2025-12-17T11:30:36.5339352Z ##[group]Runner Image Provisioner
build-test-deploy	Set up job	2025-12-17T11:30:36.5341165Z Hosted Compute Agent
build-test-deploy	Set up job	2025-12-17T11:30:36.5342037Z Version: 20251202.455
build-test-deploy	Set up job	2025-12-17T11:30:36.5343036Z Commit: 6c10caca4910e198df60de23adf20ad317c474e3
build-test-deploy	Set up job	2025-12-17T11:30:36.5344099Z Build Date: 2025-12-02T15:56:59Z
build-test-deploy	Set up job	2025-12-17T11:30:36.5345163Z Worker ID: {d11ba390-7d13-40ce-b279-0be120cae596}
build-test-deploy	Set up job	2025-12-17T11:30:36.5346224Z ##[endgroup]
build-test-deploy	Set up job	2025-12-17T11:30:36.5347008Z ##[group]Operating System
build-test-deploy	Set up job	2025-12-17T11:30:36.5347885Z Ubuntu
build-test-deploy	Set up job	2025-12-17T11:30:36.5348643Z 24.04.3
build-test-deploy	Set up job	2025-12-17T11:30:36.5349414Z LTS
build-test-deploy	Set up job	2025-12-17T11:30:36.5350400Z ##[endgroup]
build-test-deploy	Set up job	2025-12-17T11:30:36.5351137Z ##[group]Runner Image
build-test-deploy	Set up job	2025-12-17T11:30:36.5352111Z Image: ubuntu-24.04
build-test-deploy	Set up job	2025-12-17T11:30:36.5353024Z Version: 20251208.163.1
build-test-deploy	Set up job	2025-12-17T11:30:36.5354431Z Included Software: https://github.com/actions/runner-images/blob/ubuntu24/20251208.163/images/ubuntu/Ubuntu2404-Readme.md
build-test-deploy	Set up job	2025-12-17T11:30:36.5356274Z Image Release: https://github.com/actions/runner-images/releases/tag/ubuntu24%2F20251208.163
build-test-deploy	Set up job	2025-12-17T11:30:36.5357832Z ##[endgroup]
build-test-deploy	Set up job	2025-12-17T11:30:36.5359486Z ##[group]GITHUB_TOKEN Permissions
build-test-deploy	Set up job	2025-12-17T11:30:36.5362034Z Contents: read
build-test-deploy	Set up job	2025-12-17T11:30:36.5362963Z Metadata: read
build-test-deploy	Set up job	2025-12-17T11:30:36.5363818Z Packages: read
build-test-deploy	Set up job	2025-12-17T11:30:36.5364617Z ##[endgroup]
build-test-deploy	Set up job	2025-12-17T11:30:36.5367118Z Secret source: Actions
build-test-deploy	Set up job	2025-12-17T11:30:36.5368172Z Prepare workflow directory
build-test-deploy	Set up job	2025-12-17T11:30:36.5700367Z Prepare all required actions
build-test-deploy	Set up job	2025-12-17T11:30:36.5744084Z Getting action download info
build-test-deploy	Set up job	2025-12-17T11:30:37.1003707Z Download action repository 'actions/checkout@v4' (SHA:34e114876b0b11c390a56381ad16ebd13914f8d5)
build-test-deploy	Set up job	2025-12-17T11:30:37.2304261Z Download action repository 'actions/setup-python@v5' (SHA:a26af69be951a213d495a4c3e4e4022e16d87065)
build-test-deploy	Set up job	2025-12-17T11:30:37.3642880Z Download action repository 'appleboy/ssh-action@v0.1.10' (SHA:334f9259f2f8eb3376d33fa4c684fff373f2c2a6)
build-test-deploy	Set up job	2025-12-17T11:30:37.9678257Z Complete job name: build-test-deploy
build-test-deploy	Build appleboy/ssh-action@v0.1.10	ï»¿2025-12-17T11:30:38.0177323Z ##[group]Build container for action use: '/home/runner/work/_actions/appleboy/ssh-action/v0.1.10/Dockerfile'.
build-test-deploy	Build appleboy/ssh-action@v0.1.10	2025-12-17T11:30:38.0231353Z ##[command]/usr/bin/docker build -t 25eda3:808a27cd5c4c40b58cf1177d01d64718 -f "/home/runner/work/_actions/appleboy/ssh-action/v0.1.10/Dockerfile" "/home/runner/work/_actions/appleboy/ssh-action/v0.1.10"
build-test-deploy	Build appleboy/ssh-action@v0.1.10	2025-12-17T11:30:39.2873971Z #0 building with "default" instance using docker driver
build-test-deploy	Build appleboy/ssh-action@v0.1.10	2025-12-17T11:30:39.2875234Z 
build-test-deploy	Build appleboy/ssh-action@v0.1.10	2025-12-17T11:30:39.2875946Z #1 [internal] load build definition from Dockerfile
build-test-deploy	Build appleboy/ssh-action@v0.1.10	2025-12-17T11:30:39.2877458Z #1 transferring dockerfile: 171B done
build-test-deploy	Build appleboy/ssh-action@v0.1.10	2025-12-17T11:30:39.2878786Z #1 DONE 0.0s
build-test-deploy	Build appleboy/ssh-action@v0.1.10	2025-12-17T11:30:39.2879389Z 
build-test-deploy	Build appleboy/ssh-action@v0.1.10	2025-12-17T11:30:39.2880491Z #2 [internal] load metadata for ghcr.io/appleboy/drone-ssh:1.6.13
build-test-deploy	Build appleboy/ssh-action@v0.1.10	2025-12-17T11:30:40.0109565Z #2 DONE 0.9s
build-test-deploy	Build appleboy/ssh-action@v0.1.10	2025-12-17T11:30:40.1351202Z 
build-test-deploy	Build appleboy/ssh-action@v0.1.10	2025-12-17T11:30:40.1352340Z #3 [internal] load .dockerignore
build-test-deploy	Build appleboy/ssh-action@v0.1.10	2025-12-17T11:30:40.1353328Z #3 transferring context: 2B done
build-test-deploy	Build appleboy/ssh-action@v0.1.10	2025-12-17T11:30:40.1353942Z #3 DONE 0.0s
build-test-deploy	Build appleboy/ssh-action@v0.1.10	2025-12-17T11:30:40.1354384Z 
build-test-deploy	Build appleboy/ssh-action@v0.1.10	2025-12-17T11:30:40.1354647Z #4 [internal] load build context
build-test-deploy	Build appleboy/ssh-action@v0.1.10	2025-12-17T11:30:40.1355263Z #4 transferring context: 108B done
build-test-deploy	Build appleboy/ssh-action@v0.1.10	2025-12-17T11:30:40.1355909Z #4 DONE 0.0s
build-test-deploy	Build appleboy/ssh-action@v0.1.10	2025-12-17T11:30:40.1356199Z 
build-test-deploy	Build appleboy/ssh-action@v0.1.10	2025-12-17T11:30:40.1356930Z #5 [1/3] FROM ghcr.io/appleboy/drone-ssh:1.6.13@sha256:32deffb4c38aaa433065aad5178575fa7651be6e13c757eb57f73d88aec7591d
build-test-deploy	Build appleboy/ssh-action@v0.1.10	2025-12-17T11:30:40.1358528Z #5 resolve ghcr.io/appleboy/drone-ssh:1.6.13@sha256:32deffb4c38aaa433065aad5178575fa7651be6e13c757eb57f73d88aec7591d done
build-test-deploy	Build appleboy/ssh-action@v0.1.10	2025-12-17T11:30:40.1360195Z #5 sha256:7c01b1df78e6aa527f41bc1cb005c2fe21df6580c2d2ecb1d776b1b1548a192b 864B / 864B done
build-test-deploy	Build appleboy/ssh-action@v0.1.10	2025-12-17T11:30:40.1361603Z #5 sha256:1e003c3cb21c59fdb129456560df9187a39b46132321539002e2540330f20a3e 3.34kB / 3.34kB done
build-test-deploy	Build appleboy/ssh-action@v0.1.10	2025-12-17T11:30:40.1362582Z #5 sha256:f56be85fc22e46face30e2c3de3f7fe7c15f8fd7c4e5add29d7f64b87abdaa09 0B / 3.37MB 0.1s
build-test-deploy	Build appleboy/ssh-action@v0.1.10	2025-12-17T11:30:40.1363534Z #5 sha256:e1c1ae1efe86967d4421951ec02c13d6a5061e7dc3e653c2d6b6781d6f166d1b 0B / 284.75kB 0.1s
build-test-deploy	Build appleboy/ssh-action@v0.1.10	2025-12-17T11:30:40.1364965Z #5 sha256:18402fbc4c4d8ab313c49cf9467678b17eac62b6d12a9481e5e81acd14c87fd9 0B / 2.42MB 0.1s
build-test-deploy	Build appleboy/ssh-action@v0.1.10	2025-12-17T11:30:40.1365932Z #5 sha256:32deffb4c38aaa433065aad5178575fa7651be6e13c757eb57f73d88aec7591d 2.38kB / 2.38kB done
build-test-deploy	Build appleboy/ssh-action@v0.1.10	2025-12-17T11:30:40.2664824Z #5 sha256:f56be85fc22e46face30e2c3de3f7fe7c15f8fd7c4e5add29d7f64b87abdaa09 3.37MB / 3.37MB 0.1s done
build-test-deploy	Build appleboy/ssh-action@v0.1.10	2025-12-17T11:30:40.4847461Z #5 sha256:e1c1ae1efe86967d4421951ec02c13d6a5061e7dc3e653c2d6b6781d6f166d1b 284.75kB / 284.75kB 0.2s done
build-test-deploy	Build appleboy/ssh-action@v0.1.10	2025-12-17T11:30:40.4848784Z #5 extracting sha256:f56be85fc22e46face30e2c3de3f7fe7c15f8fd7c4e5add29d7f64b87abdaa09 0.1s done
build-test-deploy	Build appleboy/ssh-action@v0.1.10	2025-12-17T11:30:40.4850030Z #5 extracting sha256:e1c1ae1efe86967d4421951ec02c13d6a5061e7dc3e653c2d6b6781d6f166d1b
build-test-deploy	Build appleboy/ssh-action@v0.1.10	2025-12-17T11:30:40.4851092Z #5 sha256:18402fbc4c4d8ab313c49cf9467678b17eac62b6d12a9481e5e81acd14c87fd9 2.42MB / 2.42MB 0.3s done
build-test-deploy	Build appleboy/ssh-action@v0.1.10	2025-12-17T11:30:40.4852270Z #5 extracting sha256:e1c1ae1efe86967d4421951ec02c13d6a5061e7dc3e653c2d6b6781d6f166d1b 0.0s done
build-test-deploy	Build appleboy/ssh-action@v0.1.10	2025-12-17T11:30:40.8792980Z #5 extracting sha256:18402fbc4c4d8ab313c49cf9467678b17eac62b6d12a9481e5e81acd14c87fd9
build-test-deploy	Build appleboy/ssh-action@v0.1.10	2025-12-17T11:30:41.0825813Z #5 extracting sha256:18402fbc4c4d8ab313c49cf9467678b17eac62b6d12a9481e5e81acd14c87fd9 0.0s done
build-test-deploy	Build appleboy/ssh-action@v0.1.10	2025-12-17T11:30:41.0827292Z #5 DONE 0.9s
build-test-deploy	Build appleboy/ssh-action@v0.1.10	2025-12-17T11:30:41.0827675Z 
build-test-deploy	Build appleboy/ssh-action@v0.1.10	2025-12-17T11:30:41.0828021Z #6 [2/3] COPY entrypoint.sh /entrypoint.sh
build-test-deploy	Build appleboy/ssh-action@v0.1.10	2025-12-17T11:30:41.0828856Z #6 DONE 0.0s
build-test-deploy	Build appleboy/ssh-action@v0.1.10	2025-12-17T11:30:41.0829610Z 
build-test-deploy	Build appleboy/ssh-action@v0.1.10	2025-12-17T11:30:41.0830110Z #7 [3/3] RUN chmod +x /entrypoint.sh
build-test-deploy	Build appleboy/ssh-action@v0.1.10	2025-12-17T11:30:41.0830903Z #7 DONE 0.1s
build-test-deploy	Build appleboy/ssh-action@v0.1.10	2025-12-17T11:30:41.2355528Z 
build-test-deploy	Build appleboy/ssh-action@v0.1.10	2025-12-17T11:30:41.2356242Z #8 exporting to image
build-test-deploy	Build appleboy/ssh-action@v0.1.10	2025-12-17T11:30:41.2356898Z #8 exporting layers
build-test-deploy	Build appleboy/ssh-action@v0.1.10	2025-12-17T11:30:42.0093986Z #8 exporting layers 0.9s done
build-test-deploy	Build appleboy/ssh-action@v0.1.10	2025-12-17T11:30:42.0321335Z #8 writing image sha256:d269e9620e7a196121060d14541109bfb07e564d69c5589e9e2801fb5e0fa7ca done
build-test-deploy	Build appleboy/ssh-action@v0.1.10	2025-12-17T11:30:42.0322742Z #8 naming to docker.io/library/25eda3:808a27cd5c4c40b58cf1177d01d64718 done
build-test-deploy	Build appleboy/ssh-action@v0.1.10	2025-12-17T11:30:42.0323456Z #8 DONE 0.9s
build-test-deploy	Build appleboy/ssh-action@v0.1.10	2025-12-17T11:30:42.0396373Z ##[endgroup]
build-test-deploy	Checkout code	ï»¿2025-12-17T11:30:42.0756302Z ##[group]Run actions/checkout@v4
build-test-deploy	Checkout code	2025-12-17T11:30:42.0756988Z with:
build-test-deploy	Checkout code	2025-12-17T11:30:42.0757304Z   repository: Charliesj0129/subhft
build-test-deploy	Checkout code	2025-12-17T11:30:42.0757928Z   token: ***
build-test-deploy	Checkout code	2025-12-17T11:30:42.0758208Z   ssh-strict: true
build-test-deploy	Checkout code	2025-12-17T11:30:42.0758472Z   ssh-user: git
build-test-deploy	Checkout code	2025-12-17T11:30:42.0758764Z   persist-credentials: true
build-test-deploy	Checkout code	2025-12-17T11:30:42.0759084Z   clean: true
build-test-deploy	Checkout code	2025-12-17T11:30:42.0759373Z   sparse-checkout-cone-mode: true
build-test-deploy	Checkout code	2025-12-17T11:30:42.0759901Z   fetch-depth: 1
build-test-deploy	Checkout code	2025-12-17T11:30:42.0760177Z   fetch-tags: false
build-test-deploy	Checkout code	2025-12-17T11:30:42.0760459Z   show-progress: true
build-test-deploy	Checkout code	2025-12-17T11:30:42.0760761Z   lfs: false
build-test-deploy	Checkout code	2025-12-17T11:30:42.0761024Z   submodules: false
build-test-deploy	Checkout code	2025-12-17T11:30:42.0761306Z   set-safe-directory: true
build-test-deploy	Checkout code	2025-12-17T11:30:42.0761831Z ##[endgroup]
build-test-deploy	Checkout code	2025-12-17T11:30:42.1880937Z Syncing repository: Charliesj0129/subhft
build-test-deploy	Checkout code	2025-12-17T11:30:42.1882445Z ##[group]Getting Git version info
build-test-deploy	Checkout code	2025-12-17T11:30:42.1882912Z Working directory is '/home/runner/work/subhft/subhft'
build-test-deploy	Checkout code	2025-12-17T11:30:42.1883603Z [command]/usr/bin/git version
build-test-deploy	Checkout code	2025-12-17T11:30:42.1889560Z git version 2.52.0
build-test-deploy	Checkout code	2025-12-17T11:30:42.1916077Z ##[endgroup]
build-test-deploy	Checkout code	2025-12-17T11:30:42.1931060Z Temporarily overriding HOME='/home/runner/work/_temp/d803a965-05dc-49ad-8864-54f324215351' before making global git config changes
build-test-deploy	Checkout code	2025-12-17T11:30:42.1932486Z Adding repository directory to the temporary git global config as a safe directory
build-test-deploy	Checkout code	2025-12-17T11:30:42.1943993Z [command]/usr/bin/git config --global --add safe.directory /home/runner/work/subhft/subhft
build-test-deploy	Checkout code	2025-12-17T11:30:42.1987224Z Deleting the contents of '/home/runner/work/subhft/subhft'
build-test-deploy	Checkout code	2025-12-17T11:30:42.1990638Z ##[group]Initializing the repository
build-test-deploy	Checkout code	2025-12-17T11:30:42.1994469Z [command]/usr/bin/git init /home/runner/work/subhft/subhft
build-test-deploy	Checkout code	2025-12-17T11:30:42.2134591Z hint: Using 'master' as the name for the initial branch. This default branch name
build-test-deploy	Checkout code	2025-12-17T11:30:42.2136131Z hint: will change to "main" in Git 3.0. To configure the initial branch name
build-test-deploy	Checkout code	2025-12-17T11:30:42.2137947Z hint: to use in all of your new repositories, which will suppress this warning,
build-test-deploy	Checkout code	2025-12-17T11:30:42.2138669Z hint: call:
build-test-deploy	Checkout code	2025-12-17T11:30:42.2139075Z hint:
build-test-deploy	Checkout code	2025-12-17T11:30:42.2140044Z hint: 	git config --global init.defaultBranch <name>
build-test-deploy	Checkout code	2025-12-17T11:30:42.2141032Z hint:
build-test-deploy	Checkout code	2025-12-17T11:30:42.2141621Z hint: Names commonly chosen instead of 'master' are 'main', 'trunk' and
build-test-deploy	Checkout code	2025-12-17T11:30:42.2142550Z hint: 'development'. The just-created branch can be renamed via this command:
build-test-deploy	Checkout code	2025-12-17T11:30:42.2143265Z hint:
build-test-deploy	Checkout code	2025-12-17T11:30:42.2143680Z hint: 	git branch -m <name>
build-test-deploy	Checkout code	2025-12-17T11:30:42.2144140Z hint:
build-test-deploy	Checkout code	2025-12-17T11:30:42.2144768Z hint: Disable this message with "git config set advice.defaultBranchName false"
build-test-deploy	Checkout code	2025-12-17T11:30:42.2145965Z Initialized empty Git repository in /home/runner/work/subhft/subhft/.git/
build-test-deploy	Checkout code	2025-12-17T11:30:42.2152256Z [command]/usr/bin/git remote add origin https://github.com/Charliesj0129/subhft
build-test-deploy	Checkout code	2025-12-17T11:30:42.2189068Z ##[endgroup]
build-test-deploy	Checkout code	2025-12-17T11:30:42.2189883Z ##[group]Disabling automatic garbage collection
build-test-deploy	Checkout code	2025-12-17T11:30:42.2193463Z [command]/usr/bin/git config --local gc.auto 0
build-test-deploy	Checkout code	2025-12-17T11:30:42.2222540Z ##[endgroup]
build-test-deploy	Checkout code	2025-12-17T11:30:42.2223601Z ##[group]Setting up auth
build-test-deploy	Checkout code	2025-12-17T11:30:42.2230333Z [command]/usr/bin/git config --local --name-only --get-regexp core\.sshCommand
build-test-deploy	Checkout code	2025-12-17T11:30:42.2260960Z [command]/usr/bin/git submodule foreach --recursive sh -c "git config --local --name-only --get-regexp 'core\.sshCommand' && git config --local --unset-all 'core.sshCommand' || :"
build-test-deploy	Checkout code	2025-12-17T11:30:42.2643050Z [command]/usr/bin/git config --local --name-only --get-regexp http\.https\:\/\/github\.com\/\.extraheader
build-test-deploy	Checkout code	2025-12-17T11:30:42.2672929Z [command]/usr/bin/git submodule foreach --recursive sh -c "git config --local --name-only --get-regexp 'http\.https\:\/\/github\.com\/\.extraheader' && git config --local --unset-all 'http.https://github.com/.extraheader' || :"
build-test-deploy	Checkout code	2025-12-17T11:30:42.2893595Z [command]/usr/bin/git config --local --name-only --get-regexp ^includeIf\.gitdir:
build-test-deploy	Checkout code	2025-12-17T11:30:42.2923952Z [command]/usr/bin/git submodule foreach --recursive git config --local --show-origin --name-only --get-regexp remote.origin.url
build-test-deploy	Checkout code	2025-12-17T11:30:42.3161521Z [command]/usr/bin/git config --local http.https://github.com/.extraheader AUTHORIZATION: basic ***
build-test-deploy	Checkout code	2025-12-17T11:30:42.3196035Z ##[endgroup]
build-test-deploy	Checkout code	2025-12-17T11:30:42.3196773Z ##[group]Fetching the repository
build-test-deploy	Checkout code	2025-12-17T11:30:42.3204565Z [command]/usr/bin/git -c protocol.version=2 fetch --no-tags --prune --no-recurse-submodules --depth=1 origin +a6c1bd0bc04ec70ce36405dd7d0a986ed7b42433:refs/remotes/origin/temp_reset_branch
build-test-deploy	Checkout code	2025-12-17T11:30:42.9050779Z From https://github.com/Charliesj0129/subhft
build-test-deploy	Checkout code	2025-12-17T11:30:42.9051860Z  * [new ref]         a6c1bd0bc04ec70ce36405dd7d0a986ed7b42433 -> origin/temp_reset_branch
build-test-deploy	Checkout code	2025-12-17T11:30:42.9084397Z ##[endgroup]
build-test-deploy	Checkout code	2025-12-17T11:30:42.9085249Z ##[group]Determining the checkout info
build-test-deploy	Checkout code	2025-12-17T11:30:42.9087566Z ##[endgroup]
build-test-deploy	Checkout code	2025-12-17T11:30:42.9092967Z [command]/usr/bin/git sparse-checkout disable
build-test-deploy	Checkout code	2025-12-17T11:30:42.9137567Z [command]/usr/bin/git config --local --unset-all extensions.worktreeConfig
build-test-deploy	Checkout code	2025-12-17T11:30:42.9164458Z ##[group]Checking out the ref
build-test-deploy	Checkout code	2025-12-17T11:30:42.9169042Z [command]/usr/bin/git checkout --progress --force -B temp_reset_branch refs/remotes/origin/temp_reset_branch
build-test-deploy	Checkout code	2025-12-17T11:30:42.9922174Z Switched to a new branch 'temp_reset_branch'
build-test-deploy	Checkout code	2025-12-17T11:30:42.9923647Z branch 'temp_reset_branch' set up to track 'origin/temp_reset_branch'.
build-test-deploy	Checkout code	2025-12-17T11:30:42.9934274Z ##[endgroup]
build-test-deploy	Checkout code	2025-12-17T11:30:42.9973265Z [command]/usr/bin/git log -1 --format=%H
build-test-deploy	Checkout code	2025-12-17T11:30:42.9996017Z a6c1bd0bc04ec70ce36405dd7d0a986ed7b42433
build-test-deploy	Set up Python	ï»¿2025-12-17T11:30:43.0225194Z ##[group]Run actions/setup-python@v5
build-test-deploy	Set up Python	2025-12-17T11:30:43.0225575Z with:
build-test-deploy	Set up Python	2025-12-17T11:30:43.0225852Z   python-version: 3.11
build-test-deploy	Set up Python	2025-12-17T11:30:43.0226158Z   check-latest: false
build-test-deploy	Set up Python	2025-12-17T11:30:43.0226572Z   token: ***
build-test-deploy	Set up Python	2025-12-17T11:30:43.0226863Z   update-environment: true
build-test-deploy	Set up Python	2025-12-17T11:30:43.0227180Z   allow-prereleases: false
build-test-deploy	Set up Python	2025-12-17T11:30:43.0227668Z   freethreaded: false
build-test-deploy	Set up Python	2025-12-17T11:30:43.0227953Z ##[endgroup]
build-test-deploy	Set up Python	2025-12-17T11:30:43.1958694Z ##[group]Installed versions
build-test-deploy	Set up Python	2025-12-17T11:30:43.2074698Z Successfully set up CPython (3.11.14)
build-test-deploy	Set up Python	2025-12-17T11:30:43.2075884Z ##[endgroup]
build-test-deploy	Install dependencies	ï»¿2025-12-17T11:30:43.2198634Z ##[group]Run python -m venv .venv
build-test-deploy	Install dependencies	2025-12-17T11:30:43.2199093Z [36;1mpython -m venv .venv[0m
build-test-deploy	Install dependencies	2025-12-17T11:30:43.2199417Z [36;1m. .venv/bin/activate[0m
build-test-deploy	Install dependencies	2025-12-17T11:30:43.2200016Z [36;1mpip install -r requirements.txt[0m
build-test-deploy	Install dependencies	2025-12-17T11:30:43.2200390Z [36;1mpip install -e .[0m
build-test-deploy	Install dependencies	2025-12-17T11:30:43.2251179Z shell: /usr/bin/bash -e {0}
build-test-deploy	Install dependencies	2025-12-17T11:30:43.2251541Z env:
build-test-deploy	Install dependencies	2025-12-17T11:30:43.2251901Z   pythonLocation: /opt/hostedtoolcache/Python/3.11.14/x64
build-test-deploy	Install dependencies	2025-12-17T11:30:43.2252470Z   PKG_CONFIG_PATH: /opt/hostedtoolcache/Python/3.11.14/x64/lib/pkgconfig
build-test-deploy	Install dependencies	2025-12-17T11:30:43.2253011Z   Python_ROOT_DIR: /opt/hostedtoolcache/Python/3.11.14/x64
build-test-deploy	Install dependencies	2025-12-17T11:30:43.2253499Z   Python2_ROOT_DIR: /opt/hostedtoolcache/Python/3.11.14/x64
build-test-deploy	Install dependencies	2025-12-17T11:30:43.2253982Z   Python3_ROOT_DIR: /opt/hostedtoolcache/Python/3.11.14/x64
build-test-deploy	Install dependencies	2025-12-17T11:30:43.2254458Z   LD_LIBRARY_PATH: /opt/hostedtoolcache/Python/3.11.14/x64/lib
build-test-deploy	Install dependencies	2025-12-17T11:30:43.2254870Z ##[endgroup]
build-test-deploy	Install dependencies	2025-12-17T11:30:48.3409203Z Collecting numpy (from -r requirements.txt (line 1))
build-test-deploy	Install dependencies	2025-12-17T11:30:48.4212495Z   Downloading numpy-2.3.5-cp311-cp311-manylinux_2_27_x86_64.manylinux_2_28_x86_64.whl.metadata (62 kB)
build-test-deploy	Install dependencies	2025-12-17T11:30:48.4316287Z      â”â”â”â”â”â”â”â”â”â”â”â”â”â”â”â”â”â”â”â”â”â”â”â”â”â”â”â”â”â”â”â”â”â”â”â”â”â”â”â” 62.1/62.1 kB 6.8 MB/s eta 0:00:00
build-test-deploy	Install dependencies	2025-12-17T11:30:48.5776995Z Collecting pandas (from -r requirements.txt (line 2))
build-test-deploy	Install dependencies	2025-12-17T11:30:48.5814086Z   Downloading pandas-2.3.3-cp311-cp311-manylinux_2_24_x86_64.manylinux_2_28_x86_64.whl.metadata (91 kB)
build-test-deploy	Install dependencies	2025-12-17T11:30:48.6001405Z      â”â”â”â”â”â”â”â”â”â”â”â”â”â”â”â”â”â”â”â”â”â”â”â”â”â”â”â”â”â”â”â”â”â”â”â”â”â”â”â” 91.2/91.2 kB 4.9 MB/s eta 0:00:00
build-test-deploy	Install dependencies	2025-12-17T11:30:49.1101600Z Collecting clickhouse-connect (from -r requirements.txt (line 3))
build-test-deploy	Install dependencies	2025-12-17T11:30:49.1147191Z   Downloading clickhouse_connect-0.10.0-cp311-cp311-manylinux2014_x86_64.manylinux_2_17_x86_64.manylinux_2_28_x86_64.whl.metadata (4.2 kB)
build-test-deploy	Install dependencies	2025-12-17T11:30:49.1390552Z Collecting structlog (from -r requirements.txt (line 4))
build-test-deploy	Install dependencies	2025-12-17T11:30:49.1430432Z   Downloading structlog-25.5.0-py3-none-any.whl.metadata (9.5 kB)
build-test-deploy	Install dependencies	2025-12-17T11:30:49.2213550Z Collecting msgspec (from -r requirements.txt (line 5))
build-test-deploy	Install dependencies	2025-12-17T11:30:49.2247850Z   Downloading msgspec-0.20.0-cp311-cp311-manylinux2014_x86_64.manylinux_2_17_x86_64.manylinux_2_28_x86_64.whl.metadata (5.5 kB)
build-test-deploy	Install dependencies	2025-12-17T11:30:49.2748642Z Collecting uvloop (from -r requirements.txt (line 6))
build-test-deploy	Install dependencies	2025-12-17T11:30:49.2780876Z   Downloading uvloop-0.22.1-cp311-cp311-manylinux2014_x86_64.manylinux_2_17_x86_64.manylinux_2_28_x86_64.whl.metadata (4.9 kB)
build-test-deploy	Install dependencies	2025-12-17T11:30:49.3242839Z Collecting hftbacktest (from -r requirements.txt (line 7))
build-test-deploy	Install dependencies	2025-12-17T11:30:49.3890389Z   Downloading hftbacktest-2.4.4-cp311-cp311-manylinux_2_28_x86_64.whl.metadata (15 kB)
build-test-deploy	Install dependencies	2025-12-17T11:30:49.5973363Z Collecting shioaji (from -r requirements.txt (line 8))
build-test-deploy	Install dependencies	2025-12-17T11:30:49.6680488Z   Downloading shioaji-1.2.9-cp311-cp311-manylinux2014_x86_64.manylinux_2_17_x86_64.manylinux_2_28_x86_64.whl.metadata (7.5 kB)
build-test-deploy	Install dependencies	2025-12-17T11:30:49.6930715Z Collecting prometheus_client (from -r requirements.txt (line 9))
build-test-deploy	Install dependencies	2025-12-17T11:30:49.6961513Z   Downloading prometheus_client-0.23.1-py3-none-any.whl.metadata (1.9 kB)
build-test-deploy	Install dependencies	2025-12-17T11:30:49.7941567Z Collecting psutil (from -r requirements.txt (line 10))
build-test-deploy	Install dependencies	2025-12-17T11:30:49.7954014Z   Downloading psutil-7.1.3-cp36-abi3-manylinux2010_x86_64.manylinux_2_12_x86_64.manylinux_2_28_x86_64.whl.metadata (23 kB)
build-test-deploy	Install dependencies	2025-12-17T11:30:49.8617886Z Collecting pytest (from -r requirements.txt (line 11))
build-test-deploy	Install dependencies	2025-12-17T11:30:49.8648264Z   Downloading pytest-9.0.2-py3-none-any.whl.metadata (7.6 kB)
build-test-deploy	Install dependencies	2025-12-17T11:30:49.8972777Z Collecting pytest-asyncio (from -r requirements.txt (line 12))
build-test-deploy	Install dependencies	2025-12-17T11:30:49.9003583Z   Downloading pytest_asyncio-1.3.0-py3-none-any.whl.metadata (4.1 kB)
build-test-deploy	Install dependencies	2025-12-17T11:30:49.9876824Z Collecting python-dateutil>=2.8.2 (from pandas->-r requirements.txt (line 2))
build-test-deploy	Install dependencies	2025-12-17T11:30:49.9932365Z   Downloading python_dateutil-2.9.0.post0-py2.py3-none-any.whl.metadata (8.4 kB)
build-test-deploy	Install dependencies	2025-12-17T11:30:50.0481766Z Collecting pytz>=2020.1 (from pandas->-r requirements.txt (line 2))
build-test-deploy	Install dependencies	2025-12-17T11:30:50.0513705Z   Downloading pytz-2025.2-py2.py3-none-any.whl.metadata (22 kB)
build-test-deploy	Install dependencies	2025-12-17T11:30:50.0763370Z Collecting tzdata>=2022.7 (from pandas->-r requirements.txt (line 2))
build-test-deploy	Install dependencies	2025-12-17T11:30:50.0792533Z   Downloading tzdata-2025.3-py2.py3-none-any.whl.metadata (1.4 kB)
build-test-deploy	Install dependencies	2025-12-17T11:30:50.1175467Z Collecting certifi (from clickhouse-connect->-r requirements.txt (line 3))
build-test-deploy	Install dependencies	2025-12-17T11:30:50.1207387Z   Downloading certifi-2025.11.12-py3-none-any.whl.metadata (2.5 kB)
build-test-deploy	Install dependencies	2025-12-17T11:30:50.1674468Z Collecting urllib3>=1.26 (from clickhouse-connect->-r requirements.txt (line 3))
build-test-deploy	Install dependencies	2025-12-17T11:30:50.1708125Z   Downloading urllib3-2.6.2-py3-none-any.whl.metadata (6.6 kB)
build-test-deploy	Install dependencies	2025-12-17T11:30:50.3169474Z Collecting zstandard (from clickhouse-connect->-r requirements.txt (line 3))
build-test-deploy	Install dependencies	2025-12-17T11:30:50.3201773Z   Downloading zstandard-0.25.0-cp311-cp311-manylinux2014_x86_64.manylinux_2_17_x86_64.whl.metadata (3.3 kB)
build-test-deploy	Install dependencies	2025-12-17T11:30:50.4050758Z Collecting lz4 (from clickhouse-connect->-r requirements.txt (line 3))
build-test-deploy	Install dependencies	2025-12-17T11:30:50.4091649Z   Downloading lz4-4.4.5-cp311-cp311-manylinux2014_x86_64.manylinux_2_17_x86_64.manylinux_2_28_x86_64.whl.metadata (3.8 kB)
build-test-deploy	Install dependencies	2025-12-17T11:30:50.4429212Z Collecting numpy (from -r requirements.txt (line 1))
build-test-deploy	Install dependencies	2025-12-17T11:30:50.4469518Z   Downloading numpy-2.2.6-cp311-cp311-manylinux_2_17_x86_64.manylinux2014_x86_64.whl.metadata (62 kB)
build-test-deploy	Install dependencies	2025-12-17T11:30:50.4518941Z      â”â”â”â”â”â”â”â”â”â”â”â”â”â”â”â”â”â”â”â”â”â”â”â”â”â”â”â”â”â”â”â”â”â”â”â”â”â”â”â” 62.0/62.0 kB 17.8 MB/s eta 0:00:00
build-test-deploy	Install dependencies	2025-12-17T11:30:50.5754433Z Collecting numba~=0.61 (from hftbacktest->-r requirements.txt (line 7))
build-test-deploy	Install dependencies	2025-12-17T11:30:50.5786217Z   Downloading numba-0.63.1-cp311-cp311-manylinux2014_x86_64.manylinux_2_17_x86_64.whl.metadata (2.9 kB)
build-test-deploy	Install dependencies	2025-12-17T11:30:50.7714174Z Collecting polars (from hftbacktest->-r requirements.txt (line 7))
build-test-deploy	Install dependencies	2025-12-17T11:30:50.7746167Z   Downloading polars-1.36.1-py3-none-any.whl.metadata (10 kB)
build-test-deploy	Install dependencies	2025-12-17T11:30:51.0076045Z Collecting matplotlib (from hftbacktest->-r requirements.txt (line 7))
build-test-deploy	Install dependencies	2025-12-17T11:30:51.0111166Z   Downloading matplotlib-3.10.8-cp311-cp311-manylinux2014_x86_64.manylinux_2_17_x86_64.whl.metadata (52 kB)
build-test-deploy	Install dependencies	2025-12-17T11:30:51.0159583Z      â”â”â”â”â”â”â”â”â”â”â”â”â”â”â”â”â”â”â”â”â”â”â”â”â”â”â”â”â”â”â”â”â”â”â”â”â”â”â”â” 52.8/52.8 kB 16.0 MB/s eta 0:00:00
build-test-deploy	Install dependencies	2025-12-17T11:30:51.0828869Z Collecting holoviews (from hftbacktest->-r requirements.txt (line 7))
build-test-deploy	Install dependencies	2025-12-17T11:30:51.0865948Z   Downloading holoviews-1.22.1-py3-none-any.whl.metadata (10 kB)
build-test-deploy	Install dependencies	2025-12-17T11:30:51.1182612Z Collecting base58 (from shioaji->-r requirements.txt (line 8))
build-test-deploy	Install dependencies	2025-12-17T11:30:51.1247197Z   Downloading base58-2.1.1-py3-none-any.whl.metadata (3.1 kB)
build-test-deploy	Install dependencies	2025-12-17T11:30:51.1618488Z Collecting filelock<4.0.0,>=3.4.1 (from shioaji->-r requirements.txt (line 8))
build-test-deploy	Install dependencies	2025-12-17T11:30:51.1655201Z   Downloading filelock-3.20.1-py3-none-any.whl.metadata (2.1 kB)
build-test-deploy	Install dependencies	2025-12-17T11:30:51.2234463Z Collecting importlib-metadata (from shioaji->-r requirements.txt (line 8))
build-test-deploy	Install dependencies	2025-12-17T11:30:51.2268073Z   Downloading importlib_metadata-8.7.0-py3-none-any.whl.metadata (4.8 kB)
build-test-deploy	Install dependencies	2025-12-17T11:30:51.2481067Z Collecting loguru<=0.7.3,>=0.6.0 (from shioaji->-r requirements.txt (line 8))
build-test-deploy	Install dependencies	2025-12-17T11:30:51.2510657Z   Downloading loguru-0.7.3-py3-none-any.whl.metadata (22 kB)
build-test-deploy	Install dependencies	2025-12-17T11:30:51.4135403Z Collecting pydantic<=2.12.3,>=1.0.0 (from shioaji->-r requirements.txt (line 8))
build-test-deploy	Install dependencies	2025-12-17T11:30:51.4166768Z   Downloading pydantic-2.12.3-py3-none-any.whl.metadata (87 kB)
build-test-deploy	Install dependencies	2025-12-17T11:30:51.4217118Z      â”â”â”â”â”â”â”â”â”â”â”â”â”â”â”â”â”â”â”â”â”â”â”â”â”â”â”â”â”â”â”â”â”â”â”â”â”â”â”â” 87.7/87.7 kB 26.3 MB/s eta 0:00:00
build-test-deploy	Install dependencies	2025-12-17T11:30:51.4511955Z Collecting pynacl>=1.3.0 (from shioaji->-r requirements.txt (line 8))
build-test-deploy	Install dependencies	2025-12-17T11:30:51.4543697Z   Downloading pynacl-1.6.1-cp38-abi3-manylinux_2_34_x86_64.whl.metadata (9.8 kB)
build-test-deploy	Install dependencies	2025-12-17T11:30:51.5377330Z Collecting pyrsca (from shioaji->-r requirements.txt (line 8))
build-test-deploy	Install dependencies	2025-12-17T11:30:51.5414433Z   Downloading pyrsca-0.3.0-cp37-abi3-manylinux_2_17_x86_64.manylinux2014_x86_64.whl.metadata (5.1 kB)
build-test-deploy	Install dependencies	2025-12-17T11:30:51.6660860Z Collecting pysolace>=0.9.53 (from shioaji->-r requirements.txt (line 8))
build-test-deploy	Install dependencies	2025-12-17T11:30:51.7342311Z   Downloading pysolace-0.9.53-cp311-cp311-manylinux_2_24_x86_64.manylinux_2_28_x86_64.whl.metadata (6.2 kB)
build-test-deploy	Install dependencies	2025-12-17T11:30:51.7730403Z Collecting requests (from shioaji->-r requirements.txt (line 8))
build-test-deploy	Install dependencies	2025-12-17T11:30:51.7760281Z   Downloading requests-2.32.5-py3-none-any.whl.metadata (4.9 kB)
build-test-deploy	Install dependencies	2025-12-17T11:30:51.8534946Z Collecting sentry-sdk>=1.5.12 (from shioaji->-r requirements.txt (line 8))
build-test-deploy	Install dependencies	2025-12-17T11:30:51.8566744Z   Downloading sentry_sdk-2.48.0-py2.py3-none-any.whl.metadata (10 kB)
build-test-deploy	Install dependencies	2025-12-17T11:30:51.8849389Z Collecting typing-extensions (from shioaji->-r requirements.txt (line 8))
build-test-deploy	Install dependencies	2025-12-17T11:30:51.8881431Z   Downloading typing_extensions-4.15.0-py3-none-any.whl.metadata (3.3 kB)
build-test-deploy	Install dependencies	2025-12-17T11:30:52.0782995Z Collecting xxhash (from shioaji->-r requirements.txt (line 8))
build-test-deploy	Install dependencies	2025-12-17T11:30:52.0814186Z   Downloading xxhash-3.6.0-cp311-cp311-manylinux2014_x86_64.manylinux_2_17_x86_64.manylinux_2_28_x86_64.whl.metadata (13 kB)
build-test-deploy	Install dependencies	2025-12-17T11:30:52.1380186Z Collecting iniconfig>=1.0.1 (from pytest->-r requirements.txt (line 11))
build-test-deploy	Install dependencies	2025-12-17T11:30:52.1411384Z   Downloading iniconfig-2.3.0-py3-none-any.whl.metadata (2.5 kB)
build-test-deploy	Install dependencies	2025-12-17T11:30:52.1692682Z Collecting packaging>=22 (from pytest->-r requirements.txt (line 11))
build-test-deploy	Install dependencies	2025-12-17T11:30:52.1725746Z   Downloading packaging-25.0-py3-none-any.whl.metadata (3.3 kB)
build-test-deploy	Install dependencies	2025-12-17T11:30:52.1969299Z Collecting pluggy<2,>=1.5 (from pytest->-r requirements.txt (line 11))
build-test-deploy	Install dependencies	2025-12-17T11:30:52.1999434Z   Downloading pluggy-1.6.0-py3-none-any.whl.metadata (4.8 kB)
build-test-deploy	Install dependencies	2025-12-17T11:30:52.2317426Z Collecting pygments>=2.7.2 (from pytest->-r requirements.txt (line 11))
build-test-deploy	Install dependencies	2025-12-17T11:30:52.2350325Z   Downloading pygments-2.19.2-py3-none-any.whl.metadata (2.5 kB)
build-test-deploy	Install dependencies	2025-12-17T11:30:52.3804146Z Collecting llvmlite<0.47,>=0.46.0dev0 (from numba~=0.61->hftbacktest->-r requirements.txt (line 7))
build-test-deploy	Install dependencies	2025-12-17T11:30:52.3838332Z   Downloading llvmlite-0.46.0-cp311-cp311-manylinux2014_x86_64.manylinux_2_17_x86_64.whl.metadata (5.0 kB)
build-test-deploy	Install dependencies	2025-12-17T11:30:52.4241709Z Collecting annotated-types>=0.6.0 (from pydantic<=2.12.3,>=1.0.0->shioaji->-r requirements.txt (line 8))
build-test-deploy	Install dependencies	2025-12-17T11:30:52.4270661Z   Downloading annotated_types-0.7.0-py3-none-any.whl.metadata (15 kB)
build-test-deploy	Install dependencies	2025-12-17T11:30:53.2989049Z Collecting pydantic-core==2.41.4 (from pydantic<=2.12.3,>=1.0.0->shioaji->-r requirements.txt (line 8))
build-test-deploy	Install dependencies	2025-12-17T11:30:53.3028396Z   Downloading pydantic_core-2.41.4-cp311-cp311-manylinux_2_17_x86_64.manylinux2014_x86_64.whl.metadata (7.3 kB)
build-test-deploy	Install dependencies	2025-12-17T11:30:53.3230076Z Collecting typing-inspection>=0.4.2 (from pydantic<=2.12.3,>=1.0.0->shioaji->-r requirements.txt (line 8))
build-test-deploy	Install dependencies	2025-12-17T11:30:53.3260275Z   Downloading typing_inspection-0.4.2-py3-none-any.whl.metadata (2.6 kB)
build-test-deploy	Install dependencies	2025-12-17T11:30:53.4638171Z Collecting cffi>=2.0.0 (from pynacl>=1.3.0->shioaji->-r requirements.txt (line 8))
build-test-deploy	Install dependencies	2025-12-17T11:30:53.4670045Z   Downloading cffi-2.0.0-cp311-cp311-manylinux2014_x86_64.manylinux_2_17_x86_64.whl.metadata (2.6 kB)
build-test-deploy	Install dependencies	2025-12-17T11:30:53.5534279Z Collecting msgpack>=1.0.3 (from pysolace>=0.9.53->shioaji->-r requirements.txt (line 8))
build-test-deploy	Install dependencies	2025-12-17T11:30:53.5568095Z   Downloading msgpack-1.1.2-cp311-cp311-manylinux2014_x86_64.manylinux_2_17_x86_64.manylinux_2_28_x86_64.whl.metadata (8.1 kB)
build-test-deploy	Install dependencies	2025-12-17T11:30:53.9748700Z Collecting orjson>=3.3.1 (from pysolace>=0.9.53->shioaji->-r requirements.txt (line 8))
build-test-deploy	Install dependencies	2025-12-17T11:30:53.9785839Z   Downloading orjson-3.11.5-cp311-cp311-manylinux_2_17_x86_64.manylinux2014_x86_64.whl.metadata (41 kB)
build-test-deploy	Install dependencies	2025-12-17T11:30:53.9830667Z      â”â”â”â”â”â”â”â”â”â”â”â”â”â”â”â”â”â”â”â”â”â”â”â”â”â”â”â”â”â”â”â”â”â”â”â”â”â”â”â” 41.6/41.6 kB 12.8 MB/s eta 0:00:00
build-test-deploy	Install dependencies	2025-12-17T11:30:54.0146191Z Collecting typer>=0.10.0 (from pysolace>=0.9.53->shioaji->-r requirements.txt (line 8))
build-test-deploy	Install dependencies	2025-12-17T11:30:54.0174004Z   Downloading typer-0.20.0-py3-none-any.whl.metadata (16 kB)
build-test-deploy	Install dependencies	2025-12-17T11:30:54.0418382Z Collecting six>=1.5 (from python-dateutil>=2.8.2->pandas->-r requirements.txt (line 2))
build-test-deploy	Install dependencies	2025-12-17T11:30:54.0446332Z   Downloading six-1.17.0-py2.py3-none-any.whl.metadata (1.7 kB)
build-test-deploy	Install dependencies	2025-12-17T11:30:54.1882764Z Collecting bokeh>=3.1 (from holoviews->hftbacktest->-r requirements.txt (line 7))
build-test-deploy	Install dependencies	2025-12-17T11:30:54.1919029Z   Downloading bokeh-3.8.1-py3-none-any.whl.metadata (10 kB)
build-test-deploy	Install dependencies	2025-12-17T11:30:54.2133216Z Collecting colorcet (from holoviews->hftbacktest->-r requirements.txt (line 7))
build-test-deploy	Install dependencies	2025-12-17T11:30:54.2170439Z   Downloading colorcet-3.1.0-py3-none-any.whl.metadata (6.3 kB)
build-test-deploy	Install dependencies	2025-12-17T11:30:54.2896192Z Collecting narwhals>=2 (from holoviews->hftbacktest->-r requirements.txt (line 7))
build-test-deploy	Install dependencies	2025-12-17T11:30:54.2930349Z   Downloading narwhals-2.14.0-py3-none-any.whl.metadata (13 kB)
build-test-deploy	Install dependencies	2025-12-17T11:30:54.4398361Z Collecting panel>=1.0 (from holoviews->hftbacktest->-r requirements.txt (line 7))
build-test-deploy	Install dependencies	2025-12-17T11:30:54.4438151Z   Downloading panel-1.8.4-py3-none-any.whl.metadata (15 kB)
build-test-deploy	Install dependencies	2025-12-17T11:30:54.4855446Z Collecting param<3.0,>=2.0 (from holoviews->hftbacktest->-r requirements.txt (line 7))
build-test-deploy	Install dependencies	2025-12-17T11:30:54.4898210Z   Downloading param-2.3.1-py3-none-any.whl.metadata (22 kB)
build-test-deploy	Install dependencies	2025-12-17T11:30:54.5133658Z Collecting pyviz-comms>=2.1 (from holoviews->hftbacktest->-r requirements.txt (line 7))
build-test-deploy	Install dependencies	2025-12-17T11:30:54.5170630Z   Downloading pyviz_comms-3.0.6-py3-none-any.whl.metadata (7.7 kB)
build-test-deploy	Install dependencies	2025-12-17T11:30:54.5671736Z Collecting zipp>=3.20 (from importlib-metadata->shioaji->-r requirements.txt (line 8))
build-test-deploy	Install dependencies	2025-12-17T11:30:54.5700840Z   Downloading zipp-3.23.0-py3-none-any.whl.metadata (3.6 kB)
build-test-deploy	Install dependencies	2025-12-17T11:30:54.6732296Z Collecting contourpy>=1.0.1 (from matplotlib->hftbacktest->-r requirements.txt (line 7))
build-test-deploy	Install dependencies	2025-12-17T11:30:54.6767286Z   Downloading contourpy-1.3.3-cp311-cp311-manylinux_2_27_x86_64.manylinux_2_28_x86_64.whl.metadata (5.5 kB)
build-test-deploy	Install dependencies	2025-12-17T11:30:54.6933704Z Collecting cycler>=0.10 (from matplotlib->hftbacktest->-r requirements.txt (line 7))
build-test-deploy	Install dependencies	2025-12-17T11:30:54.6967032Z   Downloading cycler-0.12.1-py3-none-any.whl.metadata (3.8 kB)
build-test-deploy	Install dependencies	2025-12-17T11:30:54.8917230Z Collecting fonttools>=4.22.0 (from matplotlib->hftbacktest->-r requirements.txt (line 7))
build-test-deploy	Install dependencies	2025-12-17T11:30:54.8950017Z   Downloading fonttools-4.61.1-cp311-cp311-manylinux2014_x86_64.manylinux_2_17_x86_64.whl.metadata (114 kB)
build-test-deploy	Install dependencies	2025-12-17T11:30:54.8999952Z      â”â”â”â”â”â”â”â”â”â”â”â”â”â”â”â”â”â”â”â”â”â”â”â”â”â”â”â”â”â”â”â”â”â”â”â”â”â” 114.2/114.2 kB 35.9 MB/s eta 0:00:00
build-test-deploy	Install dependencies	2025-12-17T11:30:54.9765719Z Collecting kiwisolver>=1.3.1 (from matplotlib->hftbacktest->-r requirements.txt (line 7))
build-test-deploy	Install dependencies	2025-12-17T11:30:54.9798704Z   Downloading kiwisolver-1.4.9-cp311-cp311-manylinux2014_x86_64.manylinux_2_17_x86_64.whl.metadata (6.3 kB)
build-test-deploy	Install dependencies	2025-12-17T11:30:55.1972034Z Collecting pillow>=8 (from matplotlib->hftbacktest->-r requirements.txt (line 7))
build-test-deploy	Install dependencies	2025-12-17T11:30:55.2006525Z   Downloading pillow-12.0.0-cp311-cp311-manylinux_2_27_x86_64.manylinux_2_28_x86_64.whl.metadata (8.8 kB)
build-test-deploy	Install dependencies	2025-12-17T11:30:55.2404091Z Collecting pyparsing>=3 (from matplotlib->hftbacktest->-r requirements.txt (line 7))
build-test-deploy	Install dependencies	2025-12-17T11:30:55.2434494Z   Downloading pyparsing-3.2.5-py3-none-any.whl.metadata (5.0 kB)
build-test-deploy	Install dependencies	2025-12-17T11:30:55.2905423Z Collecting polars-runtime-32==1.36.1 (from polars->hftbacktest->-r requirements.txt (line 7))
build-test-deploy	Install dependencies	2025-12-17T11:30:55.2943073Z   Downloading polars_runtime_32-1.36.1-cp39-abi3-manylinux_2_17_x86_64.manylinux2014_x86_64.whl.metadata (1.5 kB)
build-test-deploy	Install dependencies	2025-12-17T11:30:55.5760496Z Collecting charset_normalizer<4,>=2 (from requests->shioaji->-r requirements.txt (line 8))
build-test-deploy	Install dependencies	2025-12-17T11:30:55.5794555Z   Downloading charset_normalizer-3.4.4-cp311-cp311-manylinux2014_x86_64.manylinux_2_17_x86_64.manylinux_2_28_x86_64.whl.metadata (37 kB)
build-test-deploy	Install dependencies	2025-12-17T11:30:55.6037047Z Collecting idna<4,>=2.5 (from requests->shioaji->-r requirements.txt (line 8))
build-test-deploy	Install dependencies	2025-12-17T11:30:55.6068278Z   Downloading idna-3.11-py3-none-any.whl.metadata (8.4 kB)
build-test-deploy	Install dependencies	2025-12-17T11:30:55.6820700Z Collecting Jinja2>=2.9 (from bokeh>=3.1->holoviews->hftbacktest->-r requirements.txt (line 7))
build-test-deploy	Install dependencies	2025-12-17T11:30:55.6849495Z   Downloading jinja2-3.1.6-py3-none-any.whl.metadata (2.9 kB)
build-test-deploy	Install dependencies	2025-12-17T11:30:55.7788359Z Collecting PyYAML>=3.10 (from bokeh>=3.1->holoviews->hftbacktest->-r requirements.txt (line 7))
build-test-deploy	Install dependencies	2025-12-17T11:30:55.7821160Z   Downloading pyyaml-6.0.3-cp311-cp311-manylinux2014_x86_64.manylinux_2_17_x86_64.manylinux_2_28_x86_64.whl.metadata (2.4 kB)
build-test-deploy	Install dependencies	2025-12-17T11:30:55.8316316Z Collecting tornado>=6.2 (from bokeh>=3.1->holoviews->hftbacktest->-r requirements.txt (line 7))
build-test-deploy	Install dependencies	2025-12-17T11:30:55.8347471Z   Downloading tornado-6.5.4-cp39-abi3-manylinux_2_5_x86_64.manylinux1_x86_64.manylinux_2_17_x86_64.manylinux2014_x86_64.whl.metadata (2.8 kB)
build-test-deploy	Install dependencies	2025-12-17T11:30:55.8581736Z Collecting xyzservices>=2021.09.1 (from bokeh>=3.1->holoviews->hftbacktest->-r requirements.txt (line 7))
build-test-deploy	Install dependencies	2025-12-17T11:30:55.8628945Z   Downloading xyzservices-2025.11.0-py3-none-any.whl.metadata (4.3 kB)
build-test-deploy	Install dependencies	2025-12-17T11:30:55.8950940Z Collecting pycparser (from cffi>=2.0.0->pynacl>=1.3.0->shioaji->-r requirements.txt (line 8))
build-test-deploy	Install dependencies	2025-12-17T11:30:55.8984763Z   Downloading pycparser-2.23-py3-none-any.whl.metadata (993 bytes)
build-test-deploy	Install dependencies	2025-12-17T11:30:56.0673062Z Collecting bleach (from panel>=1.0->holoviews->hftbacktest->-r requirements.txt (line 7))
build-test-deploy	Install dependencies	2025-12-17T11:30:56.0712498Z   Downloading bleach-6.3.0-py3-none-any.whl.metadata (31 kB)
build-test-deploy	Install dependencies	2025-12-17T11:30:56.1085074Z Collecting linkify-it-py (from panel>=1.0->holoviews->hftbacktest->-r requirements.txt (line 7))
build-test-deploy	Install dependencies	2025-12-17T11:30:56.1117833Z   Downloading linkify_it_py-2.0.3-py3-none-any.whl.metadata (8.5 kB)
build-test-deploy	Install dependencies	2025-12-17T11:30:56.1472765Z Collecting markdown (from panel>=1.0->holoviews->hftbacktest->-r requirements.txt (line 7))
build-test-deploy	Install dependencies	2025-12-17T11:30:56.1502923Z   Downloading markdown-3.10-py3-none-any.whl.metadata (5.1 kB)
build-test-deploy	Install dependencies	2025-12-17T11:30:56.1769345Z Collecting markdown-it-py (from panel>=1.0->holoviews->hftbacktest->-r requirements.txt (line 7))
build-test-deploy	Install dependencies	2025-12-17T11:30:56.1802732Z   Downloading markdown_it_py-4.0.0-py3-none-any.whl.metadata (7.3 kB)
build-test-deploy	Install dependencies	2025-12-17T11:30:56.2048898Z Collecting mdit-py-plugins (from panel>=1.0->holoviews->hftbacktest->-r requirements.txt (line 7))
build-test-deploy	Install dependencies	2025-12-17T11:30:56.2089435Z   Downloading mdit_py_plugins-0.5.0-py3-none-any.whl.metadata (2.8 kB)
build-test-deploy	Install dependencies	2025-12-17T11:30:56.2755359Z Collecting tqdm (from panel>=1.0->holoviews->hftbacktest->-r requirements.txt (line 7))
build-test-deploy	Install dependencies	2025-12-17T11:30:56.2790101Z   Downloading tqdm-4.67.1-py3-none-any.whl.metadata (57 kB)
build-test-deploy	Install dependencies	2025-12-17T11:30:56.2837851Z      â”â”â”â”â”â”â”â”â”â”â”â”â”â”â”â”â”â”â”â”â”â”â”â”â”â”â”â”â”â”â”â”â”â”â”â”â”â”â”â” 57.7/57.7 kB 17.2 MB/s eta 0:00:00
build-test-deploy	Install dependencies	2025-12-17T11:30:56.4127064Z Collecting click>=8.0.0 (from typer>=0.10.0->pysolace>=0.9.53->shioaji->-r requirements.txt (line 8))
build-test-deploy	Install dependencies	2025-12-17T11:30:56.4157580Z   Downloading click-8.3.1-py3-none-any.whl.metadata (2.6 kB)
build-test-deploy	Install dependencies	2025-12-17T11:30:56.4514762Z Collecting shellingham>=1.3.0 (from typer>=0.10.0->pysolace>=0.9.53->shioaji->-r requirements.txt (line 8))
build-test-deploy	Install dependencies	2025-12-17T11:30:56.4548018Z   Downloading shellingham-1.5.4-py2.py3-none-any.whl.metadata (3.5 kB)
build-test-deploy	Install dependencies	2025-12-17T11:30:56.5313400Z Collecting rich>=10.11.0 (from typer>=0.10.0->pysolace>=0.9.53->shioaji->-r requirements.txt (line 8))
build-test-deploy	Install dependencies	2025-12-17T11:30:56.5346018Z   Downloading rich-14.2.0-py3-none-any.whl.metadata (18 kB)
build-test-deploy	Install dependencies	2025-12-17T11:30:56.6711025Z Collecting MarkupSafe>=2.0 (from Jinja2>=2.9->bokeh>=3.1->holoviews->hftbacktest->-r requirements.txt (line 7))
build-test-deploy	Install dependencies	2025-12-17T11:30:56.6742872Z   Downloading markupsafe-3.0.3-cp311-cp311-manylinux2014_x86_64.manylinux_2_17_x86_64.manylinux_2_28_x86_64.whl.metadata (2.7 kB)
build-test-deploy	Install dependencies	2025-12-17T11:30:56.7445513Z Collecting mdurl~=0.1 (from markdown-it-py->panel>=1.0->holoviews->hftbacktest->-r requirements.txt (line 7))
build-test-deploy	Install dependencies	2025-12-17T11:30:56.7476814Z   Downloading mdurl-0.1.2-py3-none-any.whl.metadata (1.6 kB)
build-test-deploy	Install dependencies	2025-12-17T11:30:56.7997763Z Collecting webencodings (from bleach->panel>=1.0->holoviews->hftbacktest->-r requirements.txt (line 7))
build-test-deploy	Install dependencies	2025-12-17T11:30:56.8030340Z   Downloading webencodings-0.5.1-py2.py3-none-any.whl.metadata (2.1 kB)
build-test-deploy	Install dependencies	2025-12-17T11:30:56.8374324Z Collecting uc-micro-py (from linkify-it-py->panel>=1.0->holoviews->hftbacktest->-r requirements.txt (line 7))
build-test-deploy	Install dependencies	2025-12-17T11:30:56.8409402Z   Downloading uc_micro_py-1.0.3-py3-none-any.whl.metadata (2.0 kB)
build-test-deploy	Install dependencies	2025-12-17T11:30:56.9585027Z Downloading pandas-2.3.3-cp311-cp311-manylinux_2_24_x86_64.manylinux_2_28_x86_64.whl (12.8 MB)
build-test-deploy	Install dependencies	2025-12-17T11:30:57.0501076Z    â”â”â”â”â”â”â”â”â”â”â”â”â”â”â”â”â”â”â”â”â”â”â”â”â”â”â”â”â”â”â”â”â”â”â”â”â”â”â”â” 12.8/12.8 MB 138.4 MB/s eta 0:00:00
build-test-deploy	Install dependencies	2025-12-17T11:30:57.0548054Z Downloading clickhouse_connect-0.10.0-cp311-cp311-manylinux2014_x86_64.manylinux_2_17_x86_64.manylinux_2_28_x86_64.whl (1.1 MB)
build-test-deploy	Install dependencies	2025-12-17T11:30:57.0683402Z    â”â”â”â”â”â”â”â”â”â”â”â”â”â”â”â”â”â”â”â”â”â”â”â”â”â”â”â”â”â”â”â”â”â”â”â”â”â”â”â” 1.1/1.1 MB 106.3 MB/s eta 0:00:00
build-test-deploy	Install dependencies	2025-12-17T11:30:57.0714251Z Downloading structlog-25.5.0-py3-none-any.whl (72 kB)
build-test-deploy	Install dependencies	2025-12-17T11:30:57.0763358Z    â”â”â”â”â”â”â”â”â”â”â”â”â”â”â”â”â”â”â”â”â”â”â”â”â”â”â”â”â”â”â”â”â”â”â”â”â”â”â”â” 72.5/72.5 kB 22.9 MB/s eta 0:00:00
build-test-deploy	Install dependencies	2025-12-17T11:30:57.0808168Z Downloading msgspec-0.20.0-cp311-cp311-manylinux2014_x86_64.manylinux_2_17_x86_64.manylinux_2_28_x86_64.whl (219 kB)
build-test-deploy	Install dependencies	2025-12-17T11:30:57.0868228Z    â”â”â”â”â”â”â”â”â”â”â”â”â”â”â”â”â”â”â”â”â”â”â”â”â”â”â”â”â”â”â”â”â”â”â”â”â”â”â”â” 219.9/219.9 kB 56.5 MB/s eta 0:00:00
build-test-deploy	Install dependencies	2025-12-17T11:30:57.0905880Z Downloading uvloop-0.22.1-cp311-cp311-manylinux2014_x86_64.manylinux_2_17_x86_64.manylinux_2_28_x86_64.whl (3.8 MB)
build-test-deploy	Install dependencies	2025-12-17T11:30:57.1214793Z    â”â”â”â”â”â”â”â”â”â”â”â”â”â”â”â”â”â”â”â”â”â”â”â”â”â”â”â”â”â”â”â”â”â”â”â”â”â”â”â” 3.8/3.8 MB 138.6 MB/s eta 0:00:00
build-test-deploy	Install dependencies	2025-12-17T11:30:57.3870099Z Downloading hftbacktest-2.4.4-cp311-cp311-manylinux_2_28_x86_64.whl (5.5 MB)
build-test-deploy	Install dependencies	2025-12-17T11:30:58.1135357Z    â”â”â”â”â”â”â”â”â”â”â”â”â”â”â”â”â”â”â”â”â”â”â”â”â”â”â”â”â”â”â”â”â”â”â”â”â”â”â”â” 5.5/5.5 MB 7.6 MB/s eta 0:00:00
build-test-deploy	Install dependencies	2025-12-17T11:30:58.1185886Z Downloading numpy-2.2.6-cp311-cp311-manylinux_2_17_x86_64.manylinux2014_x86_64.whl (16.8 MB)
build-test-deploy	Install dependencies	2025-12-17T11:30:58.2151975Z    â”â”â”â”â”â”â”â”â”â”â”â”â”â”â”â”â”â”â”â”â”â”â”â”â”â”â”â”â”â”â”â”â”â”â”â”â”â”â”â” 16.8/16.8 MB 149.4 MB/s eta 0:00:00
build-test-deploy	Install dependencies	2025-12-17T11:30:58.2927601Z Downloading shioaji-1.2.9-cp311-cp311-manylinux2014_x86_64.manylinux_2_17_x86_64.manylinux_2_28_x86_64.whl (789 kB)
build-test-deploy	Install dependencies	2025-12-17T11:30:58.3018883Z    â”â”â”â”â”â”â”â”â”â”â”â”â”â”â”â”â”â”â”â”â”â”â”â”â”â”â”â”â”â”â”â”â”â”â”â”â”â”â” 789.9/789.9 kB 113.5 MB/s eta 0:00:00
build-test-deploy	Install dependencies	2025-12-17T11:30:58.3052483Z Downloading prometheus_client-0.23.1-py3-none-any.whl (61 kB)
build-test-deploy	Install dependencies	2025-12-17T11:30:58.3091085Z    â”â”â”â”â”â”â”â”â”â”â”â”â”â”â”â”â”â”â”â”â”â”â”â”â”â”â”â”â”â”â”â”â”â”â”â”â”â”â”â” 61.1/61.1 kB 24.0 MB/s eta 0:00:00
build-test-deploy	Install dependencies	2025-12-17T11:30:58.3123778Z Downloading psutil-7.1.3-cp36-abi3-manylinux2010_x86_64.manylinux_2_12_x86_64.manylinux_2_28_x86_64.whl (263 kB)
build-test-deploy	Install dependencies	2025-12-17T11:30:58.3188831Z    â”â”â”â”â”â”â”â”â”â”â”â”â”â”â”â”â”â”â”â”â”â”â”â”â”â”â”â”â”â”â”â”â”â”â”â”â”â”â”â” 263.3/263.3 kB 53.1 MB/s eta 0:00:00
build-test-deploy	Install dependencies	2025-12-17T11:30:58.3217868Z Downloading pytest-9.0.2-py3-none-any.whl (374 kB)
build-test-deploy	Install dependencies	2025-12-17T11:30:58.3278636Z    â”â”â”â”â”â”â”â”â”â”â”â”â”â”â”â”â”â”â”â”â”â”â”â”â”â”â”â”â”â”â”â”â”â”â”â”â”â”â”â” 374.8/374.8 kB 83.9 MB/s eta 0:00:00
build-test-deploy	Install dependencies	2025-12-17T11:30:58.3319574Z Downloading pytest_asyncio-1.3.0-py3-none-any.whl (15 kB)
build-test-deploy	Install dependencies	2025-12-17T11:30:58.3380418Z Downloading filelock-3.20.1-py3-none-any.whl (16 kB)
build-test-deploy	Install dependencies	2025-12-17T11:30:58.3430557Z Downloading iniconfig-2.3.0-py3-none-any.whl (7.5 kB)
build-test-deploy	Install dependencies	2025-12-17T11:30:58.3481476Z Downloading loguru-0.7.3-py3-none-any.whl (61 kB)
build-test-deploy	Install dependencies	2025-12-17T11:30:58.3526283Z    â”â”â”â”â”â”â”â”â”â”â”â”â”â”â”â”â”â”â”â”â”â”â”â”â”â”â”â”â”â”â”â”â”â”â”â”â”â”â”â” 61.6/61.6 kB 19.6 MB/s eta 0:00:00
build-test-deploy	Install dependencies	2025-12-17T11:30:58.3575860Z Downloading numba-0.63.1-cp311-cp311-manylinux2014_x86_64.manylinux_2_17_x86_64.whl (3.7 MB)
build-test-deploy	Install dependencies	2025-12-17T11:30:58.3815240Z    â”â”â”â”â”â”â”â”â”â”â”â”â”â”â”â”â”â”â”â”â”â”â”â”â”â”â”â”â”â”â”â”â”â”â”â”â”â”â”â” 3.7/3.7 MB 168.7 MB/s eta 0:00:00
build-test-deploy	Install dependencies	2025-12-17T11:30:58.3843740Z Downloading packaging-25.0-py3-none-any.whl (66 kB)
build-test-deploy	Install dependencies	2025-12-17T11:30:58.3887629Z    â”â”â”â”â”â”â”â”â”â”â”â”â”â”â”â”â”â”â”â”â”â”â”â”â”â”â”â”â”â”â”â”â”â”â”â”â”â”â”â” 66.5/66.5 kB 21.3 MB/s eta 0:00:00
build-test-deploy	Install dependencies	2025-12-17T11:30:58.3914581Z Downloading pluggy-1.6.0-py3-none-any.whl (20 kB)
build-test-deploy	Install dependencies	2025-12-17T11:30:58.3968596Z Downloading pydantic-2.12.3-py3-none-any.whl (462 kB)
build-test-deploy	Install dependencies	2025-12-17T11:30:58.4034425Z    â”â”â”â”â”â”â”â”â”â”â”â”â”â”â”â”â”â”â”â”â”â”â”â”â”â”â”â”â”â”â”â”â”â”â”â”â”â”â”â” 462.4/462.4 kB 94.6 MB/s eta 0:00:00
build-test-deploy	Install dependencies	2025-12-17T11:30:58.4088103Z Downloading pydantic_core-2.41.4-cp311-cp311-manylinux_2_17_x86_64.manylinux2014_x86_64.whl (2.1 MB)
build-test-deploy	Install dependencies	2025-12-17T11:30:58.4243406Z    â”â”â”â”â”â”â”â”â”â”â”â”â”â”â”â”â”â”â”â”â”â”â”â”â”â”â”â”â”â”â”â”â”â”â”â”â”â”â”â” 2.1/2.1 MB 153.3 MB/s eta 0:00:00
build-test-deploy	Install dependencies	2025-12-17T11:30:58.4272991Z Downloading pygments-2.19.2-py3-none-any.whl (1.2 MB)
build-test-deploy	Install dependencies	2025-12-17T11:30:58.4376894Z    â”â”â”â”â”â”â”â”â”â”â”â”â”â”â”â”â”â”â”â”â”â”â”â”â”â”â”â”â”â”â”â”â”â”â”â”â”â”â”â” 1.2/1.2 MB 141.8 MB/s eta 0:00:00
build-test-deploy	Install dependencies	2025-12-17T11:30:58.4429182Z Downloading pynacl-1.6.1-cp38-abi3-manylinux_2_34_x86_64.whl (1.4 MB)
build-test-deploy	Install dependencies	2025-12-17T11:30:58.4543620Z    â”â”â”â”â”â”â”â”â”â”â”â”â”â”â”â”â”â”â”â”â”â”â”â”â”â”â”â”â”â”â”â”â”â”â”â”â”â”â”â” 1.4/1.4 MB 142.3 MB/s eta 0:00:00
build-test-deploy	Install dependencies	2025-12-17T11:30:58.5313550Z Downloading pysolace-0.9.53-cp311-cp311-manylinux_2_24_x86_64.manylinux_2_28_x86_64.whl (2.9 MB)
build-test-deploy	Install dependencies	2025-12-17T11:30:58.7014907Z    â”â”â”â”â”â”â”â”â”â”â”â”â”â”â”â”â”â”â”â”â”â”â”â”â”â”â”â”â”â”â”â”â”â”â”â”â”â”â”â” 2.9/2.9 MB 17.0 MB/s eta 0:00:00
build-test-deploy	Install dependencies	2025-12-17T11:30:58.7049447Z Downloading python_dateutil-2.9.0.post0-py2.py3-none-any.whl (229 kB)
build-test-deploy	Install dependencies	2025-12-17T11:30:58.7102544Z    â”â”â”â”â”â”â”â”â”â”â”â”â”â”â”â”â”â”â”â”â”â”â”â”â”â”â”â”â”â”â”â”â”â”â”â”â”â”â”â” 229.9/229.9 kB 63.1 MB/s eta 0:00:00
build-test-deploy	Install dependencies	2025-12-17T11:30:58.7131876Z Downloading pytz-2025.2-py2.py3-none-any.whl (509 kB)
build-test-deploy	Install dependencies	2025-12-17T11:30:58.7199899Z    â”â”â”â”â”â”â”â”â”â”â”â”â”â”â”â”â”â”â”â”â”â”â”â”â”â”â”â”â”â”â”â”â”â”â”â”â”â”â”â” 509.2/509.2 kB 99.3 MB/s eta 0:00:00
build-test-deploy	Install dependencies	2025-12-17T11:30:58.7226898Z Downloading sentry_sdk-2.48.0-py2.py3-none-any.whl (414 kB)
build-test-deploy	Install dependencies	2025-12-17T11:30:58.7288944Z    â”â”â”â”â”â”â”â”â”â”â”â”â”â”â”â”â”â”â”â”â”â”â”â”â”â”â”â”â”â”â”â”â”â”â”â”â”â”â”â” 414.6/414.6 kB 90.6 MB/s eta 0:00:00
build-test-deploy	Install dependencies	2025-12-17T11:30:58.7317197Z Downloading typing_extensions-4.15.0-py3-none-any.whl (44 kB)
build-test-deploy	Install dependencies	2025-12-17T11:30:58.7354466Z    â”â”â”â”â”â”â”â”â”â”â”â”â”â”â”â”â”â”â”â”â”â”â”â”â”â”â”â”â”â”â”â”â”â”â”â”â”â”â”â” 44.6/44.6 kB 17.3 MB/s eta 0:00:00
build-test-deploy	Install dependencies	2025-12-17T11:30:58.7382539Z Downloading tzdata-2025.3-py2.py3-none-any.whl (348 kB)
build-test-deploy	Install dependencies	2025-12-17T11:30:58.7442089Z    â”â”â”â”â”â”â”â”â”â”â”â”â”â”â”â”â”â”â”â”â”â”â”â”â”â”â”â”â”â”â”â”â”â”â”â”â”â”â”â” 348.5/348.5 kB 87.1 MB/s eta 0:00:00
build-test-deploy	Install dependencies	2025-12-17T11:30:58.7469898Z Downloading urllib3-2.6.2-py3-none-any.whl (131 kB)
build-test-deploy	Install dependencies	2025-12-17T11:30:58.7513155Z    â”â”â”â”â”â”â”â”â”â”â”â”â”â”â”â”â”â”â”â”â”â”â”â”â”â”â”â”â”â”â”â”â”â”â”â”â”â”â”â” 131.2/131.2 kB 46.2 MB/s eta 0:00:00
build-test-deploy	Install dependencies	2025-12-17T11:30:58.7539203Z Downloading base58-2.1.1-py3-none-any.whl (5.6 kB)
build-test-deploy	Install dependencies	2025-12-17T11:30:58.7585802Z Downloading certifi-2025.11.12-py3-none-any.whl (159 kB)
build-test-deploy	Install dependencies	2025-12-17T11:30:58.7631618Z    â”â”â”â”â”â”â”â”â”â”â”â”â”â”â”â”â”â”â”â”â”â”â”â”â”â”â”â”â”â”â”â”â”â”â”â”â”â”â”â” 159.4/159.4 kB 52.9 MB/s eta 0:00:00
build-test-deploy	Install dependencies	2025-12-17T11:30:58.7667408Z Downloading holoviews-1.22.1-py3-none-any.whl (5.9 MB)
build-test-deploy	Install dependencies	2025-12-17T11:30:58.8030973Z    â”â”â”â”â”â”â”â”â”â”â”â”â”â”â”â”â”â”â”â”â”â”â”â”â”â”â”â”â”â”â”â”â”â”â”â”â”â”â”â” 5.9/5.9 MB 172.7 MB/s eta 0:00:00
build-test-deploy	Install dependencies	2025-12-17T11:30:58.8060278Z Downloading importlib_metadata-8.7.0-py3-none-any.whl (27 kB)
build-test-deploy	Install dependencies	2025-12-17T11:30:58.8134196Z Downloading lz4-4.4.5-cp311-cp311-manylinux2014_x86_64.manylinux_2_17_x86_64.manylinux_2_28_x86_64.whl (1.4 MB)
build-test-deploy	Install dependencies	2025-12-17T11:30:58.8251825Z    â”â”â”â”â”â”â”â”â”â”â”â”â”â”â”â”â”â”â”â”â”â”â”â”â”â”â”â”â”â”â”â”â”â”â”â”â”â”â”â” 1.4/1.4 MB 137.6 MB/s eta 0:00:00
build-test-deploy	Install dependencies	2025-12-17T11:30:58.8303084Z Downloading matplotlib-3.10.8-cp311-cp311-manylinux2014_x86_64.manylinux_2_17_x86_64.whl (8.7 MB)
build-test-deploy	Install dependencies	2025-12-17T11:30:58.8818470Z    â”â”â”â”â”â”â”â”â”â”â”â”â”â”â”â”â”â”â”â”â”â”â”â”â”â”â”â”â”â”â”â”â”â”â”â”â”â”â”â” 8.7/8.7 MB 175.7 MB/s eta 0:00:00
build-test-deploy	Install dependencies	2025-12-17T11:30:58.8866645Z Downloading polars-1.36.1-py3-none-any.whl (802 kB)
build-test-deploy	Install dependencies	2025-12-17T11:30:58.8953808Z    â”â”â”â”â”â”â”â”â”â”â”â”â”â”â”â”â”â”â”â”â”â”â”â”â”â”â”â”â”â”â”â”â”â”â”â”â”â”â” 802.4/802.4 kB 118.2 MB/s eta 0:00:00
build-test-deploy	Install dependencies	2025-12-17T11:30:58.8992124Z Downloading polars_runtime_32-1.36.1-cp39-abi3-manylinux_2_17_x86_64.manylinux2014_x86_64.whl (44.5 MB)
build-test-deploy	Install dependencies	2025-12-17T11:30:59.1469579Z    â”â”â”â”â”â”â”â”â”â”â”â”â”â”â”â”â”â”â”â”â”â”â”â”â”â”â”â”â”â”â”â”â”â”â”â”â”â”â”â” 44.5/44.5 MB 100.2 MB/s eta 0:00:00
build-test-deploy	Install dependencies	2025-12-17T11:30:59.1508546Z Downloading pyrsca-0.3.0-cp37-abi3-manylinux_2_17_x86_64.manylinux2014_x86_64.whl (1.2 MB)
build-test-deploy	Install dependencies	2025-12-17T11:30:59.1638281Z    â”â”â”â”â”â”â”â”â”â”â”â”â”â”â”â”â”â”â”â”â”â”â”â”â”â”â”â”â”â”â”â”â”â”â”â”â”â”â”â” 1.2/1.2 MB 131.8 MB/s eta 0:00:00
build-test-deploy	Install dependencies	2025-12-17T11:30:59.1667064Z Downloading requests-2.32.5-py3-none-any.whl (64 kB)
build-test-deploy	Install dependencies	2025-12-17T11:30:59.1706255Z    â”â”â”â”â”â”â”â”â”â”â”â”â”â”â”â”â”â”â”â”â”â”â”â”â”â”â”â”â”â”â”â”â”â”â”â”â”â”â”â” 64.7/64.7 kB 25.0 MB/s eta 0:00:00
build-test-deploy	Install dependencies	2025-12-17T11:30:59.1744448Z Downloading xxhash-3.6.0-cp311-cp311-manylinux2014_x86_64.manylinux_2_17_x86_64.manylinux_2_28_x86_64.whl (193 kB)
build-test-deploy	Install dependencies	2025-12-17T11:30:59.1793208Z    â”â”â”â”â”â”â”â”â”â”â”â”â”â”â”â”â”â”â”â”â”â”â”â”â”â”â”â”â”â”â”â”â”â”â”â”â”â”â”â” 193.9/193.9 kB 57.3 MB/s eta 0:00:00
build-test-deploy	Install dependencies	2025-12-17T11:30:59.1824118Z Downloading zstandard-0.25.0-cp311-cp311-manylinux2014_x86_64.manylinux_2_17_x86_64.whl (5.6 MB)
build-test-deploy	Install dependencies	2025-12-17T11:30:59.2169127Z    â”â”â”â”â”â”â”â”â”â”â”â”â”â”â”â”â”â”â”â”â”â”â”â”â”â”â”â”â”â”â”â”â”â”â”â”â”â”â”â” 5.6/5.6 MB 171.3 MB/s eta 0:00:00
build-test-deploy	Install dependencies	2025-12-17T11:30:59.2198680Z Downloading annotated_types-0.7.0-py3-none-any.whl (13 kB)
build-test-deploy	Install dependencies	2025-12-17T11:30:59.2317074Z Downloading bokeh-3.8.1-py3-none-any.whl (7.2 MB)
build-test-deploy	Install dependencies	2025-12-17T11:30:59.2742289Z    â”â”â”â”â”â”â”â”â”â”â”â”â”â”â”â”â”â”â”â”â”â”â”â”â”â”â”â”â”â”â”â”â”â”â”â”â”â”â”â” 7.2/7.2 MB 178.1 MB/s eta 0:00:00
build-test-deploy	Install dependencies	2025-12-17T11:30:59.2773662Z Downloading cffi-2.0.0-cp311-cp311-manylinux2014_x86_64.manylinux_2_17_x86_64.whl (215 kB)
build-test-deploy	Install dependencies	2025-12-17T11:30:59.2822441Z    â”â”â”â”â”â”â”â”â”â”â”â”â”â”â”â”â”â”â”â”â”â”â”â”â”â”â”â”â”â”â”â”â”â”â”â”â”â”â”â” 215.6/215.6 kB 66.5 MB/s eta 0:00:00
build-test-deploy	Install dependencies	2025-12-17T11:30:59.2852300Z Downloading charset_normalizer-3.4.4-cp311-cp311-manylinux2014_x86_64.manylinux_2_17_x86_64.manylinux_2_28_x86_64.whl (151 kB)
build-test-deploy	Install dependencies	2025-12-17T11:30:59.2899465Z    â”â”â”â”â”â”â”â”â”â”â”â”â”â”â”â”â”â”â”â”â”â”â”â”â”â”â”â”â”â”â”â”â”â”â”â”â”â”â”â” 151.6/151.6 kB 49.2 MB/s eta 0:00:00
build-test-deploy	Install dependencies	2025-12-17T11:30:59.2927360Z Downloading contourpy-1.3.3-cp311-cp311-manylinux_2_27_x86_64.manylinux_2_28_x86_64.whl (355 kB)
build-test-deploy	Install dependencies	2025-12-17T11:30:59.2985710Z    â”â”â”â”â”â”â”â”â”â”â”â”â”â”â”â”â”â”â”â”â”â”â”â”â”â”â”â”â”â”â”â”â”â”â”â”â”â”â”â” 355.2/355.2 kB 83.9 MB/s eta 0:00:00
build-test-deploy	Install dependencies	2025-12-17T11:30:59.3013468Z Downloading cycler-0.12.1-py3-none-any.whl (8.3 kB)
build-test-deploy	Install dependencies	2025-12-17T11:30:59.3081473Z Downloading fonttools-4.61.1-cp311-cp311-manylinux2014_x86_64.manylinux_2_17_x86_64.whl (5.0 MB)
build-test-deploy	Install dependencies	2025-12-17T11:30:59.3437608Z    â”â”â”â”â”â”â”â”â”â”â”â”â”â”â”â”â”â”â”â”â”â”â”â”â”â”â”â”â”â”â”â”â”â”â”â”â”â”â”â” 5.0/5.0 MB 149.3 MB/s eta 0:00:00
build-test-deploy	Install dependencies	2025-12-17T11:30:59.3467453Z Downloading idna-3.11-py3-none-any.whl (71 kB)
build-test-deploy	Install dependencies	2025-12-17T11:30:59.3509404Z    â”â”â”â”â”â”â”â”â”â”â”â”â”â”â”â”â”â”â”â”â”â”â”â”â”â”â”â”â”â”â”â”â”â”â”â”â”â”â”â” 71.0/71.0 kB 25.2 MB/s eta 0:00:00
build-test-deploy	Install dependencies	2025-12-17T11:30:59.3560192Z Downloading kiwisolver-1.4.9-cp311-cp311-manylinux2014_x86_64.manylinux_2_17_x86_64.whl (1.4 MB)
build-test-deploy	Install dependencies	2025-12-17T11:30:59.3685616Z    â”â”â”â”â”â”â”â”â”â”â”â”â”â”â”â”â”â”â”â”â”â”â”â”â”â”â”â”â”â”â”â”â”â”â”â”â”â”â”â” 1.4/1.4 MB 133.7 MB/s eta 0:00:00
build-test-deploy	Install dependencies	2025-12-17T11:30:59.3740012Z Downloading llvmlite-0.46.0-cp311-cp311-manylinux2014_x86_64.manylinux_2_17_x86_64.whl (56.3 MB)
build-test-deploy	Install dependencies	2025-12-17T11:30:59.6878359Z    â”â”â”â”â”â”â”â”â”â”â”â”â”â”â”â”â”â”â”â”â”â”â”â”â”â”â”â”â”â”â”â”â”â”â”â”â”â”â”â” 56.3/56.3 MB 92.2 MB/s eta 0:00:00
build-test-deploy	Install dependencies	2025-12-17T11:30:59.6908377Z Downloading msgpack-1.1.2-cp311-cp311-manylinux2014_x86_64.manylinux_2_17_x86_64.manylinux_2_28_x86_64.whl (426 kB)
build-test-deploy	Install dependencies	2025-12-17T11:30:59.6975174Z    â”â”â”â”â”â”â”â”â”â”â”â”â”â”â”â”â”â”â”â”â”â”â”â”â”â”â”â”â”â”â”â”â”â”â”â”â”â”â”â” 426.2/426.2 kB 86.5 MB/s eta 0:00:00
build-test-deploy	Install dependencies	2025-12-17T11:30:59.7005965Z Downloading narwhals-2.14.0-py3-none-any.whl (430 kB)
build-test-deploy	Install dependencies	2025-12-17T11:30:59.7066894Z    â”â”â”â”â”â”â”â”â”â”â”â”â”â”â”â”â”â”â”â”â”â”â”â”â”â”â”â”â”â”â”â”â”â”â”â”â”â”â”â” 430.8/430.8 kB 97.7 MB/s eta 0:00:00
build-test-deploy	Install dependencies	2025-12-17T11:30:59.7096181Z Downloading orjson-3.11.5-cp311-cp311-manylinux_2_17_x86_64.manylinux2014_x86_64.whl (138 kB)
build-test-deploy	Install dependencies	2025-12-17T11:30:59.7139238Z    â”â”â”â”â”â”â”â”â”â”â”â”â”â”â”â”â”â”â”â”â”â”â”â”â”â”â”â”â”â”â”â”â”â”â”â”â”â”â”â” 138.8/138.8 kB 50.5 MB/s eta 0:00:00
build-test-deploy	Install dependencies	2025-12-17T11:30:59.7176455Z Downloading panel-1.8.4-py3-none-any.whl (30.2 MB)
build-test-deploy	Install dependencies	2025-12-17T11:30:59.9186046Z    â”â”â”â”â”â”â”â”â”â”â”â”â”â”â”â”â”â”â”â”â”â”â”â”â”â”â”â”â”â”â”â”â”â”â”â”â”â”â”â” 30.2/30.2 MB 114.1 MB/s eta 0:00:00
build-test-deploy	Install dependencies	2025-12-17T11:30:59.9228062Z Downloading param-2.3.1-py3-none-any.whl (139 kB)
build-test-deploy	Install dependencies	2025-12-17T11:30:59.9279553Z    â”â”â”â”â”â”â”â”â”â”â”â”â”â”â”â”â”â”â”â”â”â”â”â”â”â”â”â”â”â”â”â”â”â”â”â”â”â”â”â” 139.8/139.8 kB 40.6 MB/s eta 0:00:00
build-test-deploy	Install dependencies	2025-12-17T11:30:59.9310117Z Downloading pillow-12.0.0-cp311-cp311-manylinux_2_27_x86_64.manylinux_2_28_x86_64.whl (7.0 MB)
build-test-deploy	Install dependencies	2025-12-17T11:30:59.9791255Z    â”â”â”â”â”â”â”â”â”â”â”â”â”â”â”â”â”â”â”â”â”â”â”â”â”â”â”â”â”â”â”â”â”â”â”â”â”â”â”â” 7.0/7.0 MB 152.6 MB/s eta 0:00:00
build-test-deploy	Install dependencies	2025-12-17T11:30:59.9823187Z Downloading pyparsing-3.2.5-py3-none-any.whl (113 kB)
build-test-deploy	Install dependencies	2025-12-17T11:30:59.9872799Z    â”â”â”â”â”â”â”â”â”â”â”â”â”â”â”â”â”â”â”â”â”â”â”â”â”â”â”â”â”â”â”â”â”â”â”â”â”â”â”â” 113.9/113.9 kB 33.4 MB/s eta 0:00:00
build-test-deploy	Install dependencies	2025-12-17T11:30:59.9912581Z Downloading pyviz_comms-3.0.6-py3-none-any.whl (84 kB)
build-test-deploy	Install dependencies	2025-12-17T11:30:59.9952760Z    â”â”â”â”â”â”â”â”â”â”â”â”â”â”â”â”â”â”â”â”â”â”â”â”â”â”â”â”â”â”â”â”â”â”â”â”â”â”â”â” 84.3/84.3 kB 32.7 MB/s eta 0:00:00
build-test-deploy	Install dependencies	2025-12-17T11:30:59.9979931Z Downloading six-1.17.0-py2.py3-none-any.whl (11 kB)
build-test-deploy	Install dependencies	2025-12-17T11:31:00.0032114Z Downloading typer-0.20.0-py3-none-any.whl (47 kB)
build-test-deploy	Install dependencies	2025-12-17T11:31:00.0102400Z    â”â”â”â”â”â”â”â”â”â”â”â”â”â”â”â”â”â”â”â”â”â”â”â”â”â”â”â”â”â”â”â”â”â”â”â”â”â”â”â” 47.0/47.0 kB 7.0 MB/s eta 0:00:00
build-test-deploy	Install dependencies	2025-12-17T11:31:00.0155351Z Downloading typing_inspection-0.4.2-py3-none-any.whl (14 kB)
build-test-deploy	Install dependencies	2025-12-17T11:31:00.0205667Z Downloading zipp-3.23.0-py3-none-any.whl (10 kB)
build-test-deploy	Install dependencies	2025-12-17T11:31:00.0266188Z Downloading colorcet-3.1.0-py3-none-any.whl (260 kB)
build-test-deploy	Install dependencies	2025-12-17T11:31:00.0319224Z    â”â”â”â”â”â”â”â”â”â”â”â”â”â”â”â”â”â”â”â”â”â”â”â”â”â”â”â”â”â”â”â”â”â”â”â”â”â”â”â” 260.3/260.3 kB 73.0 MB/s eta 0:00:00
build-test-deploy	Install dependencies	2025-12-17T11:31:00.0346653Z Downloading click-8.3.1-py3-none-any.whl (108 kB)
build-test-deploy	Install dependencies	2025-12-17T11:31:00.0398208Z    â”â”â”â”â”â”â”â”â”â”â”â”â”â”â”â”â”â”â”â”â”â”â”â”â”â”â”â”â”â”â”â”â”â”â”â”â”â”â”â” 108.3/108.3 kB 30.4 MB/s eta 0:00:00
build-test-deploy	Install dependencies	2025-12-17T11:31:00.0426724Z Downloading jinja2-3.1.6-py3-none-any.whl (134 kB)
build-test-deploy	Install dependencies	2025-12-17T11:31:00.0470463Z    â”â”â”â”â”â”â”â”â”â”â”â”â”â”â”â”â”â”â”â”â”â”â”â”â”â”â”â”â”â”â”â”â”â”â”â”â”â”â”â” 134.9/134.9 kB 47.0 MB/s eta 0:00:00
build-test-deploy	Install dependencies	2025-12-17T11:31:00.0500206Z Downloading pyyaml-6.0.3-cp311-cp311-manylinux2014_x86_64.manylinux_2_17_x86_64.manylinux_2_28_x86_64.whl (806 kB)
build-test-deploy	Install dependencies	2025-12-17T11:31:00.0603257Z    â”â”â”â”â”â”â”â”â”â”â”â”â”â”â”â”â”â”â”â”â”â”â”â”â”â”â”â”â”â”â”â”â”â”â”â”â”â”â”â” 806.6/806.6 kB 92.9 MB/s eta 0:00:00
build-test-deploy	Install dependencies	2025-12-17T11:31:00.0632068Z Downloading rich-14.2.0-py3-none-any.whl (243 kB)
build-test-deploy	Install dependencies	2025-12-17T11:31:00.0686817Z    â”â”â”â”â”â”â”â”â”â”â”â”â”â”â”â”â”â”â”â”â”â”â”â”â”â”â”â”â”â”â”â”â”â”â”â”â”â”â”â” 243.4/243.4 kB 63.4 MB/s eta 0:00:00
build-test-deploy	Install dependencies	2025-12-17T11:31:00.0718432Z Downloading markdown_it_py-4.0.0-py3-none-any.whl (87 kB)
build-test-deploy	Install dependencies	2025-12-17T11:31:00.0774513Z    â”â”â”â”â”â”â”â”â”â”â”â”â”â”â”â”â”â”â”â”â”â”â”â”â”â”â”â”â”â”â”â”â”â”â”â”â”â”â”â” 87.3/87.3 kB 22.4 MB/s eta 0:00:00
build-test-deploy	Install dependencies	2025-12-17T11:31:00.0803706Z Downloading shellingham-1.5.4-py2.py3-none-any.whl (9.8 kB)
build-test-deploy	Install dependencies	2025-12-17T11:31:00.0860927Z Downloading tornado-6.5.4-cp39-abi3-manylinux_2_5_x86_64.manylinux1_x86_64.manylinux_2_17_x86_64.manylinux2014_x86_64.whl (445 kB)
build-test-deploy	Install dependencies	2025-12-17T11:31:00.0933178Z    â”â”â”â”â”â”â”â”â”â”â”â”â”â”â”â”â”â”â”â”â”â”â”â”â”â”â”â”â”â”â”â”â”â”â”â”â”â”â”â” 445.3/445.3 kB 90.4 MB/s eta 0:00:00
build-test-deploy	Install dependencies	2025-12-17T11:31:00.0970211Z Downloading xyzservices-2025.11.0-py3-none-any.whl (93 kB)
build-test-deploy	Install dependencies	2025-12-17T11:31:00.1023424Z    â”â”â”â”â”â”â”â”â”â”â”â”â”â”â”â”â”â”â”â”â”â”â”â”â”â”â”â”â”â”â”â”â”â”â”â”â”â”â”â” 93.9/93.9 kB 26.6 MB/s eta 0:00:00
build-test-deploy	Install dependencies	2025-12-17T11:31:00.1067196Z Downloading bleach-6.3.0-py3-none-any.whl (164 kB)
build-test-deploy	Install dependencies	2025-12-17T11:31:00.1118197Z    â”â”â”â”â”â”â”â”â”â”â”â”â”â”â”â”â”â”â”â”â”â”â”â”â”â”â”â”â”â”â”â”â”â”â”â”â”â”â”â” 164.4/164.4 kB 50.9 MB/s eta 0:00:00
build-test-deploy	Install dependencies	2025-12-17T11:31:00.1147979Z Downloading linkify_it_py-2.0.3-py3-none-any.whl (19 kB)
build-test-deploy	Install dependencies	2025-12-17T11:31:00.1228748Z Downloading markdown-3.10-py3-none-any.whl (107 kB)
build-test-deploy	Install dependencies	2025-12-17T11:31:00.1278462Z    â”â”â”â”â”â”â”â”â”â”â”â”â”â”â”â”â”â”â”â”â”â”â”â”â”â”â”â”â”â”â”â”â”â”â”â”â”â”â”â” 107.7/107.7 kB 34.5 MB/s eta 0:00:00
build-test-deploy	Install dependencies	2025-12-17T11:31:00.1310197Z Downloading mdit_py_plugins-0.5.0-py3-none-any.whl (57 kB)
build-test-deploy	Install dependencies	2025-12-17T11:31:00.1352934Z    â”â”â”â”â”â”â”â”â”â”â”â”â”â”â”â”â”â”â”â”â”â”â”â”â”â”â”â”â”â”â”â”â”â”â”â”â”â”â”â” 57.2/57.2 kB 20.5 MB/s eta 0:00:00
build-test-deploy	Install dependencies	2025-12-17T11:31:00.1387255Z Downloading pycparser-2.23-py3-none-any.whl (118 kB)
build-test-deploy	Install dependencies	2025-12-17T11:31:00.1437617Z    â”â”â”â”â”â”â”â”â”â”â”â”â”â”â”â”â”â”â”â”â”â”â”â”â”â”â”â”â”â”â”â”â”â”â”â”â”â”â”â” 118.1/118.1 kB 36.0 MB/s eta 0:00:00
build-test-deploy	Install dependencies	2025-12-17T11:31:00.1468364Z Downloading tqdm-4.67.1-py3-none-any.whl (78 kB)
build-test-deploy	Install dependencies	2025-12-17T11:31:00.1515568Z    â”â”â”â”â”â”â”â”â”â”â”â”â”â”â”â”â”â”â”â”â”â”â”â”â”â”â”â”â”â”â”â”â”â”â”â”â”â”â”â” 78.5/78.5 kB 27.6 MB/s eta 0:00:00
build-test-deploy	Install dependencies	2025-12-17T11:31:00.1547866Z Downloading markupsafe-3.0.3-cp311-cp311-manylinux2014_x86_64.manylinux_2_17_x86_64.manylinux_2_28_x86_64.whl (22 kB)
build-test-deploy	Install dependencies	2025-12-17T11:31:00.1602576Z Downloading mdurl-0.1.2-py3-none-any.whl (10.0 kB)
build-test-deploy	Install dependencies	2025-12-17T11:31:00.1657120Z Downloading uc_micro_py-1.0.3-py3-none-any.whl (6.2 kB)
build-test-deploy	Install dependencies	2025-12-17T11:31:00.1712108Z Downloading webencodings-0.5.1-py2.py3-none-any.whl (11 kB)
build-test-deploy	Install dependencies	2025-12-17T11:31:01.0765296Z Installing collected packages: webencodings, pytz, zstandard, zipp, xyzservices, xxhash, uvloop, urllib3, uc-micro-py, tzdata, typing-extensions, tqdm, tornado, structlog, six, shellingham, PyYAML, pyrsca, pyparsing, pygments, pycparser, psutil, prometheus_client, polars-runtime-32, pluggy, pillow, param, packaging, orjson, numpy, narwhals, msgspec, msgpack, mdurl, MarkupSafe, markdown, lz4, loguru, llvmlite, kiwisolver, iniconfig, idna, fonttools, filelock, cycler, colorcet, click, charset_normalizer, certifi, bleach, base58, annotated-types, typing-inspection, sentry-sdk, requests, pyviz-comms, python-dateutil, pytest, pydantic-core, polars, numba, markdown-it-py, linkify-it-py, Jinja2, importlib-metadata, contourpy, clickhouse-connect, cffi, rich, pytest-asyncio, pynacl, pydantic, pandas, mdit-py-plugins, matplotlib, typer, bokeh, pysolace, panel, shioaji, holoviews, hftbacktest
build-test-deploy	Install dependencies	2025-12-17T11:31:23.6353894Z Successfully installed Jinja2-3.1.6 MarkupSafe-3.0.3 PyYAML-6.0.3 annotated-types-0.7.0 base58-2.1.1 bleach-6.3.0 bokeh-3.8.1 certifi-2025.11.12 cffi-2.0.0 charset_normalizer-3.4.4 click-8.3.1 clickhouse-connect-0.10.0 colorcet-3.1.0 contourpy-1.3.3 cycler-0.12.1 filelock-3.20.1 fonttools-4.61.1 hftbacktest-2.4.4 holoviews-1.22.1 idna-3.11 importlib-metadata-8.7.0 iniconfig-2.3.0 kiwisolver-1.4.9 linkify-it-py-2.0.3 llvmlite-0.46.0 loguru-0.7.3 lz4-4.4.5 markdown-3.10 markdown-it-py-4.0.0 matplotlib-3.10.8 mdit-py-plugins-0.5.0 mdurl-0.1.2 msgpack-1.1.2 msgspec-0.20.0 narwhals-2.14.0 numba-0.63.1 numpy-2.2.6 orjson-3.11.5 packaging-25.0 pandas-2.3.3 panel-1.8.4 param-2.3.1 pillow-12.0.0 pluggy-1.6.0 polars-1.36.1 polars-runtime-32-1.36.1 prometheus_client-0.23.1 psutil-7.1.3 pycparser-2.23 pydantic-2.12.3 pydantic-core-2.41.4 pygments-2.19.2 pynacl-1.6.1 pyparsing-3.2.5 pyrsca-0.3.0 pysolace-0.9.53 pytest-9.0.2 pytest-asyncio-1.3.0 python-dateutil-2.9.0.post0 pytz-2025.2 pyviz-comms-3.0.6 requests-2.32.5 rich-14.2.0 sentry-sdk-2.48.0 shellingham-1.5.4 shioaji-1.2.9 six-1.17.0 structlog-25.5.0 tornado-6.5.4 tqdm-4.67.1 typer-0.20.0 typing-extensions-4.15.0 typing-inspection-0.4.2 tzdata-2025.3 uc-micro-py-1.0.3 urllib3-2.6.2 uvloop-0.22.1 webencodings-0.5.1 xxhash-3.6.0 xyzservices-2025.11.0 zipp-3.23.0 zstandard-0.25.0
build-test-deploy	Install dependencies	2025-12-17T11:31:23.8508957Z 
build-test-deploy	Install dependencies	2025-12-17T11:31:23.8510204Z [notice] A new release of pip is available: 24.0 -> 25.3
build-test-deploy	Install dependencies	2025-12-17T11:31:23.8511130Z [notice] To update, run: pip install --upgrade pip
build-test-deploy	Install dependencies	2025-12-17T11:31:25.7391711Z Obtaining file:///home/runner/work/subhft/subhft
build-test-deploy	Install dependencies	2025-12-17T11:31:25.7409367Z   Installing build dependencies: started
build-test-deploy	Install dependencies	2025-12-17T11:31:27.3406304Z   Installing build dependencies: finished with status 'done'
build-test-deploy	Install dependencies	2025-12-17T11:31:27.3413148Z   Checking if build backend supports build_editable: started
build-test-deploy	Install dependencies	2025-12-17T11:31:27.3763724Z   Checking if build backend supports build_editable: finished with status 'done'
build-test-deploy	Install dependencies	2025-12-17T11:31:27.3773518Z   Getting requirements to build editable: started
build-test-deploy	Install dependencies	2025-12-17T11:31:27.4581342Z   Getting requirements to build editable: finished with status 'done'
build-test-deploy	Install dependencies	2025-12-17T11:31:27.4610358Z   Installing backend dependencies: started
build-test-deploy	Install dependencies	2025-12-17T11:31:28.8753181Z   Installing backend dependencies: finished with status 'done'
build-test-deploy	Install dependencies	2025-12-17T11:31:28.8758668Z   Preparing editable metadata (pyproject.toml): started
build-test-deploy	Install dependencies	2025-12-17T11:31:29.1990514Z   Preparing editable metadata (pyproject.toml): finished with status 'done'
build-test-deploy	Install dependencies	2025-12-17T11:31:29.2391162Z Requirement already satisfied: clickhouse-connect in ./.venv/lib/python3.11/site-packages (from hft-platform==0.1.0) (0.10.0)
build-test-deploy	Install dependencies	2025-12-17T11:31:29.2401041Z Requirement already satisfied: hftbacktest in ./.venv/lib/python3.11/site-packages (from hft-platform==0.1.0) (2.4.4)
build-test-deploy	Install dependencies	2025-12-17T11:31:29.2408993Z Requirement already satisfied: msgspec in ./.venv/lib/python3.11/site-packages (from hft-platform==0.1.0) (0.20.0)
build-test-deploy	Install dependencies	2025-12-17T11:31:29.2466520Z Requirement already satisfied: numpy in ./.venv/lib/python3.11/site-packages (from hft-platform==0.1.0) (2.2.6)
build-test-deploy	Install dependencies	2025-12-17T11:31:29.2544329Z Requirement already satisfied: pandas in ./.venv/lib/python3.11/site-packages (from hft-platform==0.1.0) (2.3.3)
build-test-deploy	Install dependencies	2025-12-17T11:31:29.2552156Z Requirement already satisfied: prometheus-client in ./.venv/lib/python3.11/site-packages (from hft-platform==0.1.0) (0.23.1)
build-test-deploy	Install dependencies	2025-12-17T11:31:29.2564899Z Requirement already satisfied: psutil in ./.venv/lib/python3.11/site-packages (from hft-platform==0.1.0) (7.1.3)
build-test-deploy	Install dependencies	2025-12-17T11:31:29.2573322Z Requirement already satisfied: shioaji in ./.venv/lib/python3.11/site-packages (from hft-platform==0.1.0) (1.2.9)
build-test-deploy	Install dependencies	2025-12-17T11:31:29.2583108Z Requirement already satisfied: structlog in ./.venv/lib/python3.11/site-packages (from hft-platform==0.1.0) (25.5.0)
build-test-deploy	Install dependencies	2025-12-17T11:31:29.2590871Z Requirement already satisfied: uvloop in ./.venv/lib/python3.11/site-packages (from hft-platform==0.1.0) (0.22.1)
build-test-deploy	Install dependencies	2025-12-17T11:31:29.2595056Z INFO: pip is looking at multiple versions of hft-platform to determine which version is compatible with other requirements. This could take a while.
build-test-deploy	Install dependencies	2025-12-17T11:31:29.2598872Z ERROR: Package 'hft-platform' requires a different Python: 3.11.14 not in '>=3.12'
build-test-deploy	Install dependencies	2025-12-17T11:31:29.3936921Z 
build-test-deploy	Install dependencies	2025-12-17T11:31:29.3937881Z [notice] A new release of pip is available: 24.0 -> 25.3
build-test-deploy	Install dependencies	2025-12-17T11:31:29.3938778Z [notice] To update, run: pip install --upgrade pip
build-test-deploy	Install dependencies	2025-12-17T11:31:29.4618216Z ##[error]Process completed with exit code 1.
build-test-deploy	Post Checkout code	ï»¿2025-12-17T11:31:29.4730982Z Post job cleanup.
build-test-deploy	Post Checkout code	2025-12-17T11:31:29.5691148Z [command]/usr/bin/git version
build-test-deploy	Post Checkout code	2025-12-17T11:31:29.5727860Z git version 2.52.0
build-test-deploy	Post Checkout code	2025-12-17T11:31:29.5770601Z Temporarily overriding HOME='/home/runner/work/_temp/b766b7ee-2bfd-4259-9d23-857c824ccb65' before making global git config changes
build-test-deploy	Post Checkout code	2025-12-17T11:31:29.5772315Z Adding repository directory to the temporary git global config as a safe directory
build-test-deploy	Post Checkout code	2025-12-17T11:31:29.5776300Z [command]/usr/bin/git config --global --add safe.directory /home/runner/work/subhft/subhft
build-test-deploy	Post Checkout code	2025-12-17T11:31:29.5814314Z [command]/usr/bin/git config --local --name-only --get-regexp core\.sshCommand
build-test-deploy	Post Checkout code	2025-12-17T11:31:29.5846203Z [command]/usr/bin/git submodule foreach --recursive sh -c "git config --local --name-only --get-regexp 'core\.sshCommand' && git config --local --unset-all 'core.sshCommand' || :"
build-test-deploy	Post Checkout code	2025-12-17T11:31:29.6080575Z [command]/usr/bin/git config --local --name-only --get-regexp http\.https\:\/\/github\.com\/\.extraheader
build-test-deploy	Post Checkout code	2025-12-17T11:31:29.6102847Z http.https://github.com/.extraheader
build-test-deploy	Post Checkout code	2025-12-17T11:31:29.6116320Z [command]/usr/bin/git config --local --unset-all http.https://github.com/.extraheader
build-test-deploy	Post Checkout code	2025-12-17T11:31:29.6147870Z [command]/usr/bin/git submodule foreach --recursive sh -c "git config --local --name-only --get-regexp 'http\.https\:\/\/github\.com\/\.extraheader' && git config --local --unset-all 'http.https://github.com/.extraheader' || :"
build-test-deploy	Post Checkout code	2025-12-17T11:31:29.6380314Z [command]/usr/bin/git config --local --name-only --get-regexp ^includeIf\.gitdir:
build-test-deploy	Post Checkout code	2025-12-17T11:31:29.6412560Z [command]/usr/bin/git submodule foreach --recursive git config --local --show-origin --name-only --get-regexp remote.origin.url
build-test-deploy	Complete job	ï»¿2025-12-17T11:31:29.6771493Z Cleaning up orphan processes
